******************************************************************************
                  TI ARM Linker PC v20.2.4                     
******************************************************************************
>> Linked Wed Apr 20 10:23:03 2022

OUTPUT FILE NAME:   <EE6314.out>
ENTRY POINT SYMBOL: "_c_int00_noargs"  address: 00004019


MEMORY CONFIGURATION

         name            origin    length      used     unused   attr    fill
----------------------  --------  ---------  --------  --------  ----  --------
  FLASH                 00000000   00040000  000042bf  0003bd41  R  X
  SRAM                  20000000   00002000  00001466  00000b9a  RW X


SEGMENT ALLOCATION MAP

run origin  load origin   length   init length attrs members
----------  ----------- ---------- ----------- ----- -------
00000000    00000000    000042c0   000042c0    r-x
  00000000    00000000    0000026c   0000026c    r-- .intvecs
  0000026c    0000026c    00003efc   00003efc    r-x .text
  00004168    00004168    00000117   00000117    r-- .const
  00004280    00004280    00000040   00000040    r-- .cinit
20000000    20000000    00001468   00000000    rw-
  20000000    20000000    00001000   00000000    rw- .stack
  20001000    20001000    0000044a   00000000    rw- .bss
  2000144c    2000144c    0000001c   00000000    rw- .data


SECTION ALLOCATION MAP

 output                                  attributes/
section   page    origin      length       input sections
--------  ----  ----------  ----------   ----------------
.intvecs   0    00000000    0000026c     
                  00000000    0000026c     tm4c123gh6pm_startup_ccs.obj (.intvecs)

.text      0    0000026c    00003efc     
                  0000026c    00001e80     rtos.obj (.text)
                  000020ec    00000a4e     rtsv7M4_T_le_v4SPD16_eabi.lib : _printfi.c.obj (.text:__TI_printfi)
                  00002b3a    00000002                                   : div0.asm.obj (.text)
                  00002b3c    00000270                                   : _printfi.c.obj (.text:_pconv_a)
                  00002dac    000001d0                                   : _printfi.c.obj (.text:_pconv_g)
                  00002f7c    000001b6                                   : fd_add_t2.asm.obj (.text)
                  00003132    00000002     --HOLE-- [fill = 0]
                  00003134    00000198     uart0.obj (.text)
                  000032cc    0000013c     rtsv7M4_T_le_v4SPD16_eabi.lib : _printfi.c.obj (.text:_pconv_e)
                  00003408    00000136                                   : fd_div_t2.asm.obj (.text)
                  0000353e    00000002     --HOLE-- [fill = 0]
                  00003540    00000124                                   : _printfi.c.obj (.text:fcvt)
                  00003664    00000110                                   : s_scalbn.c.obj (.text:scalbn)
                  00003774    000000fc                                   : fd_mul_t2.asm.obj (.text)
                  00003870    000000b1                                   : _printfi.c.obj (.text:_ltostr)
                  00003921    00000003     --HOLE-- [fill = 0]
                  00003924    000000ac     asm.obj (.text)
                  000039d0    0000009c     rtsv7M4_T_le_v4SPD16_eabi.lib : memcpy_t2.asm.obj (.text)
                  00003a6c    00000096                                   : ull_div_t2.asm.obj (.text)
                  00003b02    00000086                                   : fd_cmp_t2.asm.obj (.text:__aeabi_cdcmple)
                  00003b88    00000086                                   : fd_cmp_t2.asm.obj (.text:__aeabi_cdrcmple)
                  00003c0e    0000007a                                   : memset_t2.asm.obj (.text)
                  00003c88    0000006e                                   : _printfi.c.obj (.text:_mcpy)
                  00003cf6    00000068                                   : copy_decompress_lzss.c.obj (.text:decompress:lzss:__TI_decompress_lzss)
                  00003d5e    00000002     --HOLE-- [fill = 0]
                  00003d60    00000064                                   : s_frexp.c.obj (.text:frexp)
                  00003dc4    00000056                                   : _printfi.c.obj (.text:_pconv_f)
                  00003e1a    00000054                                   : _ltoa.c.obj (.text:__TI_ltoa)
                  00003e6e    00000052                                   : _printfi.c.obj (.text:_ecpy)
                  00003ec0    0000004c                                   : atoi.c.obj (.text:atoi)
                  00003f0c    00000048                                   : fd_toi_t2.asm.obj (.text)
                  00003f54    00000044                                   : autoinit.c.obj (.text:__TI_auto_init_nobinit_nopinit:__TI_auto_init_nobinit_nopinit)
                  00003f98    00000040                                   : sprintf.c.obj (.text:sprintf)
                  00003fd8    0000003e                                   : _printfi.c.obj (.text:_fcpy)
                  00004016    00000002     --HOLE-- [fill = 0]
                  00004018    00000034                                   : boot_cortex_m.c.obj (.text:_c_int00_noargs:_c_int00_noargs)
                  0000404c    0000002e                                   : i_tofd_t2.asm.obj (.text)
                  0000407a    00000024     wait.obj (.text)
                  0000409e    0000001c     rtsv7M4_T_le_v4SPD16_eabi.lib : memccpy.c.obj (.text:memccpy)
                  000040ba    0000001a                                   : s_copysign.c.obj (.text:copysign)
                  000040d4    00000018                                   : sprintf.c.obj (.text:_outs)
                  000040ec    00000016                                   : strchr.c.obj (.text:strchr)
                  00004102    00000014                                   : strlen.c.obj (.text:strlen)
                  00004116    00000012                                   : wcslen.c.obj (.text:wcslen)
                  00004128    0000000e                                   : copy_decompress_none.c.obj (.text:decompress:none:__TI_decompress_none)
                  00004136    0000000c                                   : copy_zero_init.c.obj (.text:decompress:ZI:__TI_zero_init)
                  00004142    0000000c     tm4c123gh6pm_startup_ccs.obj (.text)
                  0000414e    0000000a     rtsv7M4_T_le_v4SPD16_eabi.lib : sprintf.c.obj (.text:_outc)
                  00004158    00000008                                   : errno.c.obj (.text:__aeabi_errno_addr)
                  00004160    00000004                                   : pre_init.c.obj (.text:_system_pre_init)
                  00004164    00000004                                   : exit.c.obj (.text:abort:abort)

.const     0    00004168    00000117     
                  00004168    00000101     rtsv7M4_T_le_v4SPD16_eabi.lib : ctype.c.obj (.const:.string:_ctypes_)
                  00004269    00000005     rtos.obj (.const:.string:$P$T3$6)
                  0000426e    00000004     rtos.obj (.const:.string:$P$T1$4)
                  00004272    00000004     rtos.obj (.const:.string:$P$T5$8)
                  00004276    00000003     rtos.obj (.const:.string:$P$T0$3)
                  00004279    00000003     rtos.obj (.const:.string:$P$T2$5)
                  0000427c    00000003     rtos.obj (.const:.string:$P$T4$7)

.cinit     0    00004280    00000040     
                  00004280    00000018     (.cinit..data.load) [load image, compression = lzss]
                  00004298    0000000c     (__TI_handler_table)
                  000042a4    00000004     --HOLE-- [fill = 0]
                  000042a8    00000008     (.cinit..bss.load) [load image, compression = zero_init]
                  000042b0    00000010     (__TI_cinit_table)

.init_array 
*          0    00000000    00000000     UNINITIALIZED

.bss       0    20001000    0000044a     UNINITIALIZED
                  20001000    000002a0     (.common:tcb)
                  200012a0    000000e8     (.common:data)
                  20001388    0000008c     (.common:semaphores)
                  20001414    00000030     (.common:sum)
                  20001444    00000004     (.common:heapBase)
                  20001448    00000002     (.common:s)

.data      0    2000144c    0000001c     UNINITIALIZED
                  2000144c    00000018     rtos.obj (.data)
                  20001464    00000004     rtsv7M4_T_le_v4SPD16_eabi.lib : errno.c.obj (.data)

.stack     0    20000000    00001000     UNINITIALIZED
                  20000000    00000004     rtsv7M4_T_le_v4SPD16_eabi.lib : boot_cortex_m.c.obj (.stack)
                  20000004    00000ffc     --HOLE--

__llvm_prf_cnts 
*          0    20000000    00000000     UNINITIALIZED

MODULE SUMMARY

       Module                         code    ro data   rw data
       ------                         ----    -------   -------
    .\
       rtos.obj                       7808    22        1122   
       tm4c123gh6pm_startup_ccs.obj   12      620       0      
       uart0.obj                      408     0         0      
       asm.obj                        172     0         0      
       wait.obj                       36      0         0      
    +--+------------------------------+-------+---------+---------+
       Total:                         8436    642       1122   
                                                               
    C:\Users\darsh\Desktop\ccs\tools\compiler\ti-cgt-arm_20.2.4.LTS\lib\rtsv7M4_T_le_v4SPD16_eabi.lib
       _printfi.c.obj                 4851    0         0      
       fd_add_t2.asm.obj              438     0         0      
       fd_div_t2.asm.obj              310     0         0      
       s_scalbn.c.obj                 272     0         0      
       fd_cmp_t2.asm.obj              268     0         0      
       ctype.c.obj                    0       257       0      
       fd_mul_t2.asm.obj              252     0         0      
       memcpy_t2.asm.obj              156     0         0      
       ull_div_t2.asm.obj             150     0         0      
       memset_t2.asm.obj              122     0         0      
       copy_decompress_lzss.c.obj     104     0         0      
       s_frexp.c.obj                  100     0         0      
       sprintf.c.obj                  98      0         0      
       _ltoa.c.obj                    84      0         0      
       atoi.c.obj                     76      0         0      
       fd_toi_t2.asm.obj              72      0         0      
       autoinit.c.obj                 68      0         0      
       boot_cortex_m.c.obj            52      0         0      
       i_tofd_t2.asm.obj              46      0         0      
       memccpy.c.obj                  28      0         0      
       s_copysign.c.obj               26      0         0      
       strchr.c.obj                   22      0         0      
       strlen.c.obj                   20      0         0      
       wcslen.c.obj                   18      0         0      
       copy_decompress_none.c.obj     14      0         0      
       copy_zero_init.c.obj           12      0         0      
       errno.c.obj                    8       0         4      
       exit.c.obj                     4       0         0      
       pre_init.c.obj                 4       0         0      
       div0.asm.obj                   2       0         0      
    +--+------------------------------+-------+---------+---------+
       Total:                         7677    257       4      
                                                               
       Stack:                         0       0         4096   
       Linker Generated:              0       60        0      
    +--+------------------------------+-------+---------+---------+
       Grand Total:                   16113   959       5222   


LINKER GENERATED COPY TABLES

__TI_cinit_table @ 000042b0 records: 2, size/record: 8, table size: 16
	.data: load addr=00004280, load size=00000018 bytes, run addr=2000144c, run size=0000001c bytes, compression=lzss
	.bss: load addr=000042a8, load size=00000008 bytes, run addr=20001000, run size=0000044a bytes, compression=zero_init


LINKER GENERATED HANDLER TABLE

__TI_handler_table @ 00004298 records: 3, size/record: 4, table size: 12
	index: 0, handler: __TI_decompress_lzss
	index: 1, handler: __TI_decompress_none
	index: 2, handler: __TI_zero_init


GLOBAL SYMBOLS: SORTED ALPHABETICALLY BY Name 

address   name                          
-------   ----                          
00004165  C$$EXIT                       
00004143  ResetISR                      
20001000  __STACK_END                   
00001000  __STACK_SIZE                  
20000200  __STACK_TOP                   
000042b0  __TI_CINIT_Base               
000042c0  __TI_CINIT_Limit              
00004298  __TI_Handler_Table_Base       
000042a4  __TI_Handler_Table_Limit      
00003f55  __TI_auto_init_nobinit_nopinit
00003cf7  __TI_decompress_lzss          
00004129  __TI_decompress_none          
00003e1b  __TI_ltoa                     
ffffffff  __TI_pprof_out_hndl           
000020ed  __TI_printfi                  
ffffffff  __TI_prof_data_size           
ffffffff  __TI_prof_data_start          
00000000  __TI_static_base__            
00004137  __TI_zero_init                
00003b03  __aeabi_cdcmpeq               
00003b03  __aeabi_cdcmple               
00003b89  __aeabi_cdrcmple              
00003f0d  __aeabi_d2iz                  
00002f87  __aeabi_dadd                  
00003409  __aeabi_ddiv                  
00003775  __aeabi_dmul                  
00002f7d  __aeabi_dsub                  
00004159  __aeabi_errno_addr            
0000404d  __aeabi_i2d                   
00002b3b  __aeabi_idiv0                 
00002b3b  __aeabi_ldiv0                 
00003c0f  __aeabi_memclr                
00003c0f  __aeabi_memclr4               
00003c0f  __aeabi_memclr8               
000039d1  __aeabi_memcpy                
000039d1  __aeabi_memcpy4               
000039d1  __aeabi_memcpy8               
00003c11  __aeabi_memset                
00003c11  __aeabi_memset4               
00003c11  __aeabi_memset8               
00003a6d  __aeabi_uldivmod              
ffffffff  __binit__                     
ffffffff  __c_args__                    
UNDEFED   __mpu_init                    
20000000  __stack                       
20000000  __start___llvm_prf_cnts       
20000000  __stop___llvm_prf_cnts        
00004019  _c_int00_noargs               
00004168  _ctypes_                      
UNDEFED   _system_post_cinit            
00004161  _system_pre_init              
00004165  abort                         
00003ec1  atoi                          
ffffffff  binit                         
00000603  copy_str                      
000040bb  copysign                      
000040bb  copysignl                     
000009b1  createSemaphore               
0000064d  createThread                  
200012a0  data                          
000013a9  debounce                      
00000833  destroyThread                 
20001464  errno                         
20001459  firstcall                     
00001271  flash4Hz                      
00003d61  frexp                         
00003d61  frexpl                        
00000000  g_pfnVectors                  
00000bdd  getFieldInteger               
00000ba9  getFieldString                
000039c9  getR0                         
000039b7  get_SV_val                    
00003251  getcUart0                     
000003ef  getsUart0                     
20001444  heapBase                      
20001454  i                             
00003973  idel2forPC                    
00003985  idel2forR0toLR                
00001251  idle                          
0000395f  idle2XPSR                     
00001401  important                     
0000110d  initHw                        
0000026d  initRtos                      
00003135  initUart0                     
00000a99  isCommand                     
0000326d  kbhitUart0                    
00003665  ldexp                         
00003665  ldexpl                        
000012c1  lengthyFn                     
00001ed5  main                          
0000409f  memccpy                       
000039d1  memcpy                        
00003c17  memset                        
00001285  oneshot                       
000004b9  parseF                        
000012ad  partOfLengthyFn               
00000de3  pendSvIsr                     
20001450  pidCounter                    
20001458  piflag                        
00000c5b  post                          
2000145b  prempt                        
2000145c  priorityon                    
2000145a  processflag                   
00003931  pspset                        
00003209  putcUart0                     
00003225  putsUart0                     
0000130d  readKeys                      
000011ed  readPbs                       
00000793  restartThread                 
000002bb  rtosScheduler                 
20001448  s                             
00003665  scalbn                        
00003665  scalbnl                       
20001388  semaphores                    
00000959  setThreadPriority             
000031c9  setUart0BaudRate              
00001515  shell                         
00000c41  sleep                         
00003f99  sprintf                       
00000a01  startRtos                     
000040ed  strchr                        
00001451  strcmp                        
00004103  strlen                        
20001414  sum                           
20001456  sumcount                      
00000edd  svCallIsr                     
00003943  swpop                         
00003951  swpush                        
00000c8d  systickIsr                    
2000144d  taskCount                     
2000144c  taskCurrent                   
20001000  tcb                           
000013eb  uncooperative                 
00000c4d  wait                          
0000407b  waitMicrosecond               
00004117  wcslen                        
00000c37  yield                         


GLOBAL SYMBOLS: SORTED BY Symbol Address 

address   name                          
-------   ----                          
00000000  __TI_static_base__            
00000000  g_pfnVectors                  
0000026d  initRtos                      
000002bb  rtosScheduler                 
000003ef  getsUart0                     
000004b9  parseF                        
00000603  copy_str                      
0000064d  createThread                  
00000793  restartThread                 
00000833  destroyThread                 
00000959  setThreadPriority             
000009b1  createSemaphore               
00000a01  startRtos                     
00000a99  isCommand                     
00000ba9  getFieldString                
00000bdd  getFieldInteger               
00000c37  yield                         
00000c41  sleep                         
00000c4d  wait                          
00000c5b  post                          
00000c8d  systickIsr                    
00000de3  pendSvIsr                     
00000edd  svCallIsr                     
00001000  __STACK_SIZE                  
0000110d  initHw                        
000011ed  readPbs                       
00001251  idle                          
00001271  flash4Hz                      
00001285  oneshot                       
000012ad  partOfLengthyFn               
000012c1  lengthyFn                     
0000130d  readKeys                      
000013a9  debounce                      
000013eb  uncooperative                 
00001401  important                     
00001451  strcmp                        
00001515  shell                         
00001ed5  main                          
000020ed  __TI_printfi                  
00002b3b  __aeabi_idiv0                 
00002b3b  __aeabi_ldiv0                 
00002f7d  __aeabi_dsub                  
00002f87  __aeabi_dadd                  
00003135  initUart0                     
000031c9  setUart0BaudRate              
00003209  putcUart0                     
00003225  putsUart0                     
00003251  getcUart0                     
0000326d  kbhitUart0                    
00003409  __aeabi_ddiv                  
00003665  ldexp                         
00003665  ldexpl                        
00003665  scalbn                        
00003665  scalbnl                       
00003775  __aeabi_dmul                  
00003931  pspset                        
00003943  swpop                         
00003951  swpush                        
0000395f  idle2XPSR                     
00003973  idel2forPC                    
00003985  idel2forR0toLR                
000039b7  get_SV_val                    
000039c9  getR0                         
000039d1  __aeabi_memcpy                
000039d1  __aeabi_memcpy4               
000039d1  __aeabi_memcpy8               
000039d1  memcpy                        
00003a6d  __aeabi_uldivmod              
00003b03  __aeabi_cdcmpeq               
00003b03  __aeabi_cdcmple               
00003b89  __aeabi_cdrcmple              
00003c0f  __aeabi_memclr                
00003c0f  __aeabi_memclr4               
00003c0f  __aeabi_memclr8               
00003c11  __aeabi_memset                
00003c11  __aeabi_memset4               
00003c11  __aeabi_memset8               
00003c17  memset                        
00003cf7  __TI_decompress_lzss          
00003d61  frexp                         
00003d61  frexpl                        
00003e1b  __TI_ltoa                     
00003ec1  atoi                          
00003f0d  __aeabi_d2iz                  
00003f55  __TI_auto_init_nobinit_nopinit
00003f99  sprintf                       
00004019  _c_int00_noargs               
0000404d  __aeabi_i2d                   
0000407b  waitMicrosecond               
0000409f  memccpy                       
000040bb  copysign                      
000040bb  copysignl                     
000040ed  strchr                        
00004103  strlen                        
00004117  wcslen                        
00004129  __TI_decompress_none          
00004137  __TI_zero_init                
00004143  ResetISR                      
00004159  __aeabi_errno_addr            
00004161  _system_pre_init              
00004165  C$$EXIT                       
00004165  abort                         
00004168  _ctypes_                      
00004298  __TI_Handler_Table_Base       
000042a4  __TI_Handler_Table_Limit      
000042b0  __TI_CINIT_Base               
000042c0  __TI_CINIT_Limit              
20000000  __stack                       
20000000  __start___llvm_prf_cnts       
20000000  __stop___llvm_prf_cnts        
20000200  __STACK_TOP                   
20001000  __STACK_END                   
20001000  tcb                           
200012a0  data                          
20001388  semaphores                    
20001414  sum                           
20001444  heapBase                      
20001448  s                             
2000144c  taskCurrent                   
2000144d  taskCount                     
20001450  pidCounter                    
20001454  i                             
20001456  sumcount                      
20001458  piflag                        
20001459  firstcall                     
2000145a  processflag                   
2000145b  prempt                        
2000145c  priorityon                    
20001464  errno                         
ffffffff  __TI_pprof_out_hndl           
ffffffff  __TI_prof_data_size           
ffffffff  __TI_prof_data_start          
ffffffff  __binit__                     
ffffffff  __c_args__                    
ffffffff  binit                         
UNDEFED   __mpu_init                    
UNDEFED   _system_post_cinit            

[137 symbols]
