<?xml version="1.0" encoding="ISO-8859-1" ?>
<link_info>
   <banner>TI ARM Linker PC v20.2.4.LTS</banner>
   <copyright>Copyright (c) 1996-2018 Texas Instruments Incorporated</copyright>
   <link_time>0x62602557</link_time>
   <link_errors>0x0</link_errors>
   <output_file>EE6314.out</output_file>
   <entry_point>
      <name>_c_int00_noargs</name>
      <address>0x4019</address>
   </entry_point>
   <input_file_list>
      <input_file id="fl-2">
         <path>.\</path>
         <kind>object</kind>
         <file>asm.obj</file>
         <name>asm.obj</name>
      </input_file>
      <input_file id="fl-3">
         <path>.\</path>
         <kind>object</kind>
         <file>rtos.obj</file>
         <name>rtos.obj</name>
      </input_file>
      <input_file id="fl-4">
         <path>.\</path>
         <kind>object</kind>
         <file>tm4c123gh6pm_startup_ccs.obj</file>
         <name>tm4c123gh6pm_startup_ccs.obj</name>
      </input_file>
      <input_file id="fl-5">
         <path>.\</path>
         <kind>object</kind>
         <file>uart0.obj</file>
         <name>uart0.obj</name>
      </input_file>
      <input_file id="fl-6">
         <path>.\</path>
         <kind>object</kind>
         <file>wait.obj</file>
         <name>wait.obj</name>
      </input_file>
      <input_file id="fl-a">
         <kind>object</kind>
         <file>&lt;internal&gt;</file>
         <name>&lt;internal&gt;</name>
      </input_file>
      <input_file id="fl-c0">
         <path>C:\Users\darsh\Desktop\ccs\tools\compiler\ti-cgt-arm_20.2.4.LTS\lib\</path>
         <kind>archive</kind>
         <file>rtsv7M4_T_le_v4SPD16_eabi.lib</file>
         <name>sprintf.c.obj</name>
      </input_file>
      <input_file id="fl-c1">
         <path>C:\Users\darsh\Desktop\ccs\tools\compiler\ti-cgt-arm_20.2.4.LTS\lib\</path>
         <kind>archive</kind>
         <file>rtsv7M4_T_le_v4SPD16_eabi.lib</file>
         <name>memcpy_t2.asm.obj</name>
      </input_file>
      <input_file id="fl-c2">
         <path>C:\Users\darsh\Desktop\ccs\tools\compiler\ti-cgt-arm_20.2.4.LTS\lib\</path>
         <kind>archive</kind>
         <file>rtsv7M4_T_le_v4SPD16_eabi.lib</file>
         <name>copy_zero_init.c.obj</name>
      </input_file>
      <input_file id="fl-c3">
         <path>C:\Users\darsh\Desktop\ccs\tools\compiler\ti-cgt-arm_20.2.4.LTS\lib\</path>
         <kind>archive</kind>
         <file>rtsv7M4_T_le_v4SPD16_eabi.lib</file>
         <name>copy_decompress_none.c.obj</name>
      </input_file>
      <input_file id="fl-c4">
         <path>C:\Users\darsh\Desktop\ccs\tools\compiler\ti-cgt-arm_20.2.4.LTS\lib\</path>
         <kind>archive</kind>
         <file>rtsv7M4_T_le_v4SPD16_eabi.lib</file>
         <name>copy_decompress_lzss.c.obj</name>
      </input_file>
      <input_file id="fl-c5">
         <path>C:\Users\darsh\Desktop\ccs\tools\compiler\ti-cgt-arm_20.2.4.LTS\lib\</path>
         <kind>archive</kind>
         <file>rtsv7M4_T_le_v4SPD16_eabi.lib</file>
         <name>boot_cortex_m.c.obj</name>
      </input_file>
      <input_file id="fl-c6">
         <path>C:\Users\darsh\Desktop\ccs\tools\compiler\ti-cgt-arm_20.2.4.LTS\lib\</path>
         <kind>archive</kind>
         <file>rtsv7M4_T_le_v4SPD16_eabi.lib</file>
         <name>_printfi.c.obj</name>
      </input_file>
      <input_file id="fl-c7">
         <path>C:\Users\darsh\Desktop\ccs\tools\compiler\ti-cgt-arm_20.2.4.LTS\lib\</path>
         <kind>archive</kind>
         <file>rtsv7M4_T_le_v4SPD16_eabi.lib</file>
         <name>s_frexp.c.obj</name>
      </input_file>
      <input_file id="fl-c8">
         <path>C:\Users\darsh\Desktop\ccs\tools\compiler\ti-cgt-arm_20.2.4.LTS\lib\</path>
         <kind>archive</kind>
         <file>rtsv7M4_T_le_v4SPD16_eabi.lib</file>
         <name>s_scalbn.c.obj</name>
      </input_file>
      <input_file id="fl-c9">
         <path>C:\Users\darsh\Desktop\ccs\tools\compiler\ti-cgt-arm_20.2.4.LTS\lib\</path>
         <kind>archive</kind>
         <file>rtsv7M4_T_le_v4SPD16_eabi.lib</file>
         <name>s_copysign.c.obj</name>
      </input_file>
      <input_file id="fl-ca">
         <path>C:\Users\darsh\Desktop\ccs\tools\compiler\ti-cgt-arm_20.2.4.LTS\lib\</path>
         <kind>archive</kind>
         <file>rtsv7M4_T_le_v4SPD16_eabi.lib</file>
         <name>ull_div_t2.asm.obj</name>
      </input_file>
      <input_file id="fl-cb">
         <path>C:\Users\darsh\Desktop\ccs\tools\compiler\ti-cgt-arm_20.2.4.LTS\lib\</path>
         <kind>archive</kind>
         <file>rtsv7M4_T_le_v4SPD16_eabi.lib</file>
         <name>memset_t2.asm.obj</name>
      </input_file>
      <input_file id="fl-cc">
         <path>C:\Users\darsh\Desktop\ccs\tools\compiler\ti-cgt-arm_20.2.4.LTS\lib\</path>
         <kind>archive</kind>
         <file>rtsv7M4_T_le_v4SPD16_eabi.lib</file>
         <name>fd_add_t2.asm.obj</name>
      </input_file>
      <input_file id="fl-cd">
         <path>C:\Users\darsh\Desktop\ccs\tools\compiler\ti-cgt-arm_20.2.4.LTS\lib\</path>
         <kind>archive</kind>
         <file>rtsv7M4_T_le_v4SPD16_eabi.lib</file>
         <name>fd_cmp_t2.asm.obj</name>
      </input_file>
      <input_file id="fl-ce">
         <path>C:\Users\darsh\Desktop\ccs\tools\compiler\ti-cgt-arm_20.2.4.LTS\lib\</path>
         <kind>archive</kind>
         <file>rtsv7M4_T_le_v4SPD16_eabi.lib</file>
         <name>fd_div_t2.asm.obj</name>
      </input_file>
      <input_file id="fl-cf">
         <path>C:\Users\darsh\Desktop\ccs\tools\compiler\ti-cgt-arm_20.2.4.LTS\lib\</path>
         <kind>archive</kind>
         <file>rtsv7M4_T_le_v4SPD16_eabi.lib</file>
         <name>fd_mul_t2.asm.obj</name>
      </input_file>
      <input_file id="fl-d0">
         <path>C:\Users\darsh\Desktop\ccs\tools\compiler\ti-cgt-arm_20.2.4.LTS\lib\</path>
         <kind>archive</kind>
         <file>rtsv7M4_T_le_v4SPD16_eabi.lib</file>
         <name>fd_toi_t2.asm.obj</name>
      </input_file>
      <input_file id="fl-d1">
         <path>C:\Users\darsh\Desktop\ccs\tools\compiler\ti-cgt-arm_20.2.4.LTS\lib\</path>
         <kind>archive</kind>
         <file>rtsv7M4_T_le_v4SPD16_eabi.lib</file>
         <name>i_tofd_t2.asm.obj</name>
      </input_file>
      <input_file id="fl-d2">
         <path>C:\Users\darsh\Desktop\ccs\tools\compiler\ti-cgt-arm_20.2.4.LTS\lib\</path>
         <kind>archive</kind>
         <file>rtsv7M4_T_le_v4SPD16_eabi.lib</file>
         <name>autoinit.c.obj</name>
      </input_file>
      <input_file id="fl-d3">
         <path>C:\Users\darsh\Desktop\ccs\tools\compiler\ti-cgt-arm_20.2.4.LTS\lib\</path>
         <kind>archive</kind>
         <file>rtsv7M4_T_le_v4SPD16_eabi.lib</file>
         <name>pre_init.c.obj</name>
      </input_file>
      <input_file id="fl-d4">
         <path>C:\Users\darsh\Desktop\ccs\tools\compiler\ti-cgt-arm_20.2.4.LTS\lib\</path>
         <kind>archive</kind>
         <file>rtsv7M4_T_le_v4SPD16_eabi.lib</file>
         <name>cpy_tbl.c.obj</name>
      </input_file>
      <input_file id="fl-d5">
         <path>C:\Users\darsh\Desktop\ccs\tools\compiler\ti-cgt-arm_20.2.4.LTS\lib\</path>
         <kind>archive</kind>
         <file>rtsv7M4_T_le_v4SPD16_eabi.lib</file>
         <name>exit.c.obj</name>
      </input_file>
      <input_file id="fl-d6">
         <path>C:\Users\darsh\Desktop\ccs\tools\compiler\ti-cgt-arm_20.2.4.LTS\lib\</path>
         <kind>archive</kind>
         <file>rtsv7M4_T_le_v4SPD16_eabi.lib</file>
         <name>_lock.c.obj</name>
      </input_file>
      <input_file id="fl-d7">
         <path>C:\Users\darsh\Desktop\ccs\tools\compiler\ti-cgt-arm_20.2.4.LTS\lib\</path>
         <kind>archive</kind>
         <file>rtsv7M4_T_le_v4SPD16_eabi.lib</file>
         <name>_ltoa.c.obj</name>
      </input_file>
      <input_file id="fl-d8">
         <path>C:\Users\darsh\Desktop\ccs\tools\compiler\ti-cgt-arm_20.2.4.LTS\lib\</path>
         <kind>archive</kind>
         <file>rtsv7M4_T_le_v4SPD16_eabi.lib</file>
         <name>args_main.c.obj</name>
      </input_file>
      <input_file id="fl-d9">
         <path>C:\Users\darsh\Desktop\ccs\tools\compiler\ti-cgt-arm_20.2.4.LTS\lib\</path>
         <kind>archive</kind>
         <file>rtsv7M4_T_le_v4SPD16_eabi.lib</file>
         <name>atoi.c.obj</name>
      </input_file>
      <input_file id="fl-da">
         <path>C:\Users\darsh\Desktop\ccs\tools\compiler\ti-cgt-arm_20.2.4.LTS\lib\</path>
         <kind>archive</kind>
         <file>rtsv7M4_T_le_v4SPD16_eabi.lib</file>
         <name>ctype.c.obj</name>
      </input_file>
      <input_file id="fl-db">
         <path>C:\Users\darsh\Desktop\ccs\tools\compiler\ti-cgt-arm_20.2.4.LTS\lib\</path>
         <kind>archive</kind>
         <file>rtsv7M4_T_le_v4SPD16_eabi.lib</file>
         <name>memccpy.c.obj</name>
      </input_file>
      <input_file id="fl-dc">
         <path>C:\Users\darsh\Desktop\ccs\tools\compiler\ti-cgt-arm_20.2.4.LTS\lib\</path>
         <kind>archive</kind>
         <file>rtsv7M4_T_le_v4SPD16_eabi.lib</file>
         <name>strchr.c.obj</name>
      </input_file>
      <input_file id="fl-dd">
         <path>C:\Users\darsh\Desktop\ccs\tools\compiler\ti-cgt-arm_20.2.4.LTS\lib\</path>
         <kind>archive</kind>
         <file>rtsv7M4_T_le_v4SPD16_eabi.lib</file>
         <name>strlen.c.obj</name>
      </input_file>
      <input_file id="fl-de">
         <path>C:\Users\darsh\Desktop\ccs\tools\compiler\ti-cgt-arm_20.2.4.LTS\lib\</path>
         <kind>archive</kind>
         <file>rtsv7M4_T_le_v4SPD16_eabi.lib</file>
         <name>errno.c.obj</name>
      </input_file>
      <input_file id="fl-df">
         <path>C:\Users\darsh\Desktop\ccs\tools\compiler\ti-cgt-arm_20.2.4.LTS\lib\</path>
         <kind>archive</kind>
         <file>rtsv7M4_T_le_v4SPD16_eabi.lib</file>
         <name>wcslen.c.obj</name>
      </input_file>
      <input_file id="fl-e0">
         <path>C:\Users\darsh\Desktop\ccs\tools\compiler\ti-cgt-arm_20.2.4.LTS\lib\</path>
         <kind>archive</kind>
         <file>rtsv7M4_T_le_v4SPD16_eabi.lib</file>
         <name>div0.asm.obj</name>
      </input_file>
   </input_file_list>
   <object_component_list>
      <object_component id="oc-12">
         <name>.intvecs</name>
         <load_address>0x0</load_address>
         <run_address>0x0</run_address>
         <size>0x26c</size>
         <input_file_ref idref="fl-4"/>
      </object_component>
      <object_component id="oc-2d">
         <name>.text</name>
         <load_address>0x26c</load_address>
         <run_address>0x26c</run_address>
         <size>0x1e80</size>
         <input_file_ref idref="fl-3"/>
      </object_component>
      <object_component id="oc-f4">
         <name>.text:__TI_printfi</name>
         <load_address>0x20ec</load_address>
         <run_address>0x20ec</run_address>
         <size>0xa4e</size>
         <input_file_ref idref="fl-c6"/>
      </object_component>
      <object_component id="oc-286">
         <name>.text</name>
         <load_address>0x2b3a</load_address>
         <run_address>0x2b3a</run_address>
         <size>0x2</size>
         <input_file_ref idref="fl-e0"/>
      </object_component>
      <object_component id="oc-197">
         <name>.text:_pconv_a</name>
         <load_address>0x2b3c</load_address>
         <run_address>0x2b3c</run_address>
         <size>0x270</size>
         <input_file_ref idref="fl-c6"/>
      </object_component>
      <object_component id="oc-185">
         <name>.text:_pconv_g</name>
         <load_address>0x2dac</load_address>
         <run_address>0x2dac</run_address>
         <size>0x1d0</size>
         <input_file_ref idref="fl-c6"/>
      </object_component>
      <object_component id="oc-20c">
         <name>.text</name>
         <load_address>0x2f7c</load_address>
         <run_address>0x2f7c</run_address>
         <size>0x1b6</size>
         <input_file_ref idref="fl-cc"/>
      </object_component>
      <object_component id="oc-74">
         <name>.text</name>
         <load_address>0x3134</load_address>
         <run_address>0x3134</run_address>
         <size>0x198</size>
         <input_file_ref idref="fl-5"/>
      </object_component>
      <object_component id="oc-191">
         <name>.text:_pconv_e</name>
         <load_address>0x32cc</load_address>
         <run_address>0x32cc</run_address>
         <size>0x13c</size>
         <input_file_ref idref="fl-c6"/>
      </object_component>
      <object_component id="oc-1f2">
         <name>.text</name>
         <load_address>0x3408</load_address>
         <run_address>0x3408</run_address>
         <size>0x136</size>
         <input_file_ref idref="fl-ce"/>
      </object_component>
      <object_component id="oc-21e">
         <name>.text:fcvt</name>
         <load_address>0x3540</load_address>
         <run_address>0x3540</run_address>
         <size>0x124</size>
         <input_file_ref idref="fl-c6"/>
      </object_component>
      <object_component id="oc-232">
         <name>.text:scalbn</name>
         <load_address>0x3664</load_address>
         <run_address>0x3664</run_address>
         <size>0x110</size>
         <input_file_ref idref="fl-c8"/>
      </object_component>
      <object_component id="oc-1ed">
         <name>.text</name>
         <load_address>0x3774</load_address>
         <run_address>0x3774</run_address>
         <size>0xfc</size>
         <input_file_ref idref="fl-cf"/>
      </object_component>
      <object_component id="oc-17a">
         <name>.text:_ltostr</name>
         <load_address>0x3870</load_address>
         <run_address>0x3870</run_address>
         <size>0xb1</size>
         <input_file_ref idref="fl-c6"/>
      </object_component>
      <object_component id="oc-81">
         <name>.text</name>
         <load_address>0x3924</load_address>
         <run_address>0x3924</run_address>
         <size>0xac</size>
         <input_file_ref idref="fl-2"/>
      </object_component>
      <object_component id="oc-41">
         <name>.text</name>
         <load_address>0x39d0</load_address>
         <run_address>0x39d0</run_address>
         <size>0x9c</size>
         <input_file_ref idref="fl-c1"/>
      </object_component>
      <object_component id="oc-1e6">
         <name>.text</name>
         <load_address>0x3a6c</load_address>
         <run_address>0x3a6c</run_address>
         <size>0x96</size>
         <input_file_ref idref="fl-ca"/>
      </object_component>
      <object_component id="oc-180">
         <name>.text:__aeabi_cdcmple</name>
         <load_address>0x3b02</load_address>
         <run_address>0x3b02</run_address>
         <size>0x86</size>
         <input_file_ref idref="fl-cd"/>
      </object_component>
      <object_component id="oc-1f7">
         <name>.text:__aeabi_cdrcmple</name>
         <load_address>0x3b88</load_address>
         <run_address>0x3b88</run_address>
         <size>0x86</size>
         <input_file_ref idref="fl-cd"/>
      </object_component>
      <object_component id="oc-d4">
         <name>.text</name>
         <load_address>0x3c0e</load_address>
         <run_address>0x3c0e</run_address>
         <size>0x7a</size>
         <input_file_ref idref="fl-cb"/>
      </object_component>
      <object_component id="oc-217">
         <name>.text:_mcpy</name>
         <load_address>0x3c88</load_address>
         <run_address>0x3c88</run_address>
         <size>0x6e</size>
         <input_file_ref idref="fl-c6"/>
      </object_component>
      <object_component id="oc-15">
         <name>.text:decompress:lzss:__TI_decompress_lzss</name>
         <load_address>0x3cf6</load_address>
         <run_address>0x3cf6</run_address>
         <size>0x68</size>
         <input_file_ref idref="fl-c4"/>
      </object_component>
      <object_component id="oc-22c">
         <name>.text:frexp</name>
         <load_address>0x3d60</load_address>
         <run_address>0x3d60</run_address>
         <size>0x64</size>
         <input_file_ref idref="fl-c7"/>
      </object_component>
      <object_component id="oc-18b">
         <name>.text:_pconv_f</name>
         <load_address>0x3dc4</load_address>
         <run_address>0x3dc4</run_address>
         <size>0x56</size>
         <input_file_ref idref="fl-c6"/>
      </object_component>
      <object_component id="oc-201">
         <name>.text:__TI_ltoa</name>
         <load_address>0x3e1a</load_address>
         <run_address>0x3e1a</run_address>
         <size>0x54</size>
         <input_file_ref idref="fl-d7"/>
      </object_component>
      <object_component id="oc-211">
         <name>.text:_ecpy</name>
         <load_address>0x3e6e</load_address>
         <run_address>0x3e6e</run_address>
         <size>0x52</size>
         <input_file_ref idref="fl-c6"/>
      </object_component>
      <object_component id="oc-174">
         <name>.text:atoi</name>
         <load_address>0x3ec0</load_address>
         <run_address>0x3ec0</run_address>
         <size>0x4c</size>
         <input_file_ref idref="fl-d9"/>
      </object_component>
      <object_component id="oc-1fc">
         <name>.text</name>
         <load_address>0x3f0c</load_address>
         <run_address>0x3f0c</run_address>
         <size>0x48</size>
         <input_file_ref idref="fl-d0"/>
      </object_component>
      <object_component id="oc-13a">
         <name>.text:__TI_auto_init_nobinit_nopinit:__TI_auto_init_nobinit_nopinit</name>
         <load_address>0x3f54</load_address>
         <run_address>0x3f54</run_address>
         <size>0x44</size>
         <input_file_ref idref="fl-d2"/>
      </object_component>
      <object_component id="oc-8f">
         <name>.text:sprintf</name>
         <load_address>0x3f98</load_address>
         <run_address>0x3f98</run_address>
         <size>0x40</size>
         <input_file_ref idref="fl-c0"/>
      </object_component>
      <object_component id="oc-224">
         <name>.text:_fcpy</name>
         <load_address>0x3fd8</load_address>
         <run_address>0x3fd8</run_address>
         <size>0x3e</size>
         <input_file_ref idref="fl-c6"/>
      </object_component>
      <object_component id="oc-5f">
         <name>.text:_c_int00_noargs:_c_int00_noargs</name>
         <load_address>0x4018</load_address>
         <run_address>0x4018</run_address>
         <size>0x34</size>
         <input_file_ref idref="fl-c5"/>
      </object_component>
      <object_component id="oc-207">
         <name>.text</name>
         <load_address>0x404c</load_address>
         <run_address>0x404c</run_address>
         <size>0x2e</size>
         <input_file_ref idref="fl-d1"/>
      </object_component>
      <object_component id="oc-88">
         <name>.text</name>
         <load_address>0x407a</load_address>
         <run_address>0x407a</run_address>
         <size>0x24</size>
         <input_file_ref idref="fl-6"/>
      </object_component>
      <object_component id="oc-19d">
         <name>.text:memccpy</name>
         <load_address>0x409e</load_address>
         <run_address>0x409e</run_address>
         <size>0x1c</size>
         <input_file_ref idref="fl-db"/>
      </object_component>
      <object_component id="oc-29f">
         <name>.text:copysign</name>
         <load_address>0x40ba</load_address>
         <run_address>0x40ba</run_address>
         <size>0x1a</size>
         <input_file_ref idref="fl-c9"/>
      </object_component>
      <object_component id="oc-fa">
         <name>.text:_outs</name>
         <load_address>0x40d4</load_address>
         <run_address>0x40d4</run_address>
         <size>0x18</size>
         <input_file_ref idref="fl-c0"/>
      </object_component>
      <object_component id="oc-238">
         <name>.text:strchr</name>
         <load_address>0x40ec</load_address>
         <run_address>0x40ec</run_address>
         <size>0x16</size>
         <input_file_ref idref="fl-dc"/>
      </object_component>
      <object_component id="oc-16e">
         <name>.text:strlen</name>
         <load_address>0x4102</load_address>
         <run_address>0x4102</run_address>
         <size>0x14</size>
         <input_file_ref idref="fl-dd"/>
      </object_component>
      <object_component id="oc-1a3">
         <name>.text:wcslen</name>
         <load_address>0x4116</load_address>
         <run_address>0x4116</run_address>
         <size>0x12</size>
         <input_file_ref idref="fl-df"/>
      </object_component>
      <object_component id="oc-1b">
         <name>.text:decompress:none:__TI_decompress_none</name>
         <load_address>0x4128</load_address>
         <run_address>0x4128</run_address>
         <size>0xe</size>
         <input_file_ref idref="fl-c3"/>
      </object_component>
      <object_component id="oc-53">
         <name>.text:decompress:ZI:__TI_zero_init</name>
         <load_address>0x4136</load_address>
         <run_address>0x4136</run_address>
         <size>0xc</size>
         <input_file_ref idref="fl-c2"/>
      </object_component>
      <object_component id="oc-27">
         <name>.text</name>
         <load_address>0x4142</load_address>
         <run_address>0x4142</run_address>
         <size>0xc</size>
         <input_file_ref idref="fl-4"/>
      </object_component>
      <object_component id="oc-100">
         <name>.text:_outc</name>
         <load_address>0x414e</load_address>
         <run_address>0x414e</run_address>
         <size>0xa</size>
         <input_file_ref idref="fl-c0"/>
      </object_component>
      <object_component id="oc-1a9">
         <name>.text:__aeabi_errno_addr</name>
         <load_address>0x4158</load_address>
         <run_address>0x4158</run_address>
         <size>0x8</size>
         <input_file_ref idref="fl-de"/>
      </object_component>
      <object_component id="oc-da">
         <name>.text:_system_pre_init</name>
         <load_address>0x4160</load_address>
         <run_address>0x4160</run_address>
         <size>0x4</size>
         <input_file_ref idref="fl-d3"/>
      </object_component>
      <object_component id="oc-12e">
         <name>.text:abort:abort</name>
         <load_address>0x4164</load_address>
         <run_address>0x4164</run_address>
         <size>0x4</size>
         <input_file_ref idref="fl-d5"/>
      </object_component>
      <object_component id="oc-1e1">
         <name>.const:.string:_ctypes_</name>
         <load_address>0x4168</load_address>
         <run_address>0x4168</run_address>
         <size>0x101</size>
         <input_file_ref idref="fl-da"/>
      </object_component>
      <object_component id="oc-9f">
         <name>.const:.string:$P$T3$6</name>
         <load_address>0x4269</load_address>
         <run_address>0x4269</run_address>
         <size>0x5</size>
         <input_file_ref idref="fl-3"/>
      </object_component>
      <object_component id="oc-99">
         <name>.const:.string:$P$T1$4</name>
         <load_address>0x426e</load_address>
         <run_address>0x426e</run_address>
         <size>0x4</size>
         <input_file_ref idref="fl-3"/>
      </object_component>
      <object_component id="oc-a5">
         <name>.const:.string:$P$T5$8</name>
         <load_address>0x4272</load_address>
         <run_address>0x4272</run_address>
         <size>0x4</size>
         <input_file_ref idref="fl-3"/>
      </object_component>
      <object_component id="oc-96">
         <name>.const:.string:$P$T0$3</name>
         <load_address>0x4276</load_address>
         <run_address>0x4276</run_address>
         <size>0x3</size>
         <input_file_ref idref="fl-3"/>
      </object_component>
      <object_component id="oc-9c">
         <name>.const:.string:$P$T2$5</name>
         <load_address>0x4279</load_address>
         <run_address>0x4279</run_address>
         <size>0x3</size>
         <input_file_ref idref="fl-3"/>
      </object_component>
      <object_component id="oc-a2">
         <name>.const:.string:$P$T4$7</name>
         <load_address>0x427c</load_address>
         <run_address>0x427c</run_address>
         <size>0x3</size>
         <input_file_ref idref="fl-3"/>
      </object_component>
      <object_component id="oc-306">
         <name>.cinit..data.load</name>
         <load_address>0x4280</load_address>
         <run_address>0x4280</run_address>
         <size>0x18</size>
      </object_component>
      <object_component id="oc-304">
         <name>__TI_handler_table</name>
         <load_address>0x4298</load_address>
         <run_address>0x4298</run_address>
         <size>0xc</size>
      </object_component>
      <object_component id="oc-307">
         <name>.cinit..bss.load</name>
         <load_address>0x42a8</load_address>
         <run_address>0x42a8</run_address>
         <size>0x8</size>
      </object_component>
      <object_component id="oc-305">
         <name>__TI_cinit_table</name>
         <load_address>0x42b0</load_address>
         <run_address>0x42b0</run_address>
         <size>0x10</size>
      </object_component>
      <object_component id="oc-7a">
         <name>.data</name>
         <load_address>0x2000144c</load_address>
         <run_address>0x2000144c</run_address>
         <size>0x18</size>
         <input_file_ref idref="fl-3"/>
      </object_component>
      <object_component id="oc-248">
         <name>.data</name>
         <load_address>0x20001464</load_address>
         <run_address>0x20001464</run_address>
         <size>0x4</size>
         <input_file_ref idref="fl-de"/>
      </object_component>
      <object_component id="oc-86">
         <name>.common:semaphores</name>
         <uninitialized>true</uninitialized>
         <run_address>0x20001388</run_address>
         <size>0x8c</size>
      </object_component>
      <object_component id="oc-95">
         <name>.common:data</name>
         <uninitialized>true</uninitialized>
         <run_address>0x200012a0</run_address>
         <size>0xe8</size>
      </object_component>
      <object_component id="oc-87">
         <name>.common:s</name>
         <uninitialized>true</uninitialized>
         <run_address>0x20001448</run_address>
         <size>0x2</size>
      </object_component>
      <object_component id="oc-80">
         <name>.common:heapBase</name>
         <uninitialized>true</uninitialized>
         <run_address>0x20001444</run_address>
         <size>0x4</size>
      </object_component>
      <object_component id="oc-8e">
         <name>.common:sum</name>
         <uninitialized>true</uninitialized>
         <run_address>0x20001414</run_address>
         <size>0x30</size>
      </object_component>
      <object_component id="oc-7d">
         <name>.common:tcb</name>
         <uninitialized>true</uninitialized>
         <run_address>0x20001000</run_address>
         <size>0x2a0</size>
      </object_component>
      <object_component id="oc-24">
         <name>.stack</name>
         <uninitialized>true</uninitialized>
         <run_address>0x20000000</run_address>
         <size>0x4</size>
         <input_file_ref idref="fl-c5"/>
      </object_component>
      <object_component id="oc-309">
         <name>.stack</name>
         <uninitialized>true</uninitialized>
         <run_address>0x20000000</run_address>
         <size>0x0</size>
      </object_component>
      <object_component id="oc-82">
         <name>.debug_info</name>
         <load_address>0x0</load_address>
         <run_address>0x0</run_address>
         <size>0x119</size>
         <input_file_ref idref="fl-2"/>
      </object_component>
      <object_component id="oc-7e">
         <name>.debug_info</name>
         <load_address>0x119</load_address>
         <run_address>0x119</run_address>
         <size>0x669</size>
         <input_file_ref idref="fl-3"/>
      </object_component>
      <object_component id="oc-7b">
         <name>.debug_info</name>
         <load_address>0x782</load_address>
         <run_address>0x782</run_address>
         <size>0x201</size>
         <input_file_ref idref="fl-3"/>
      </object_component>
      <object_component id="oc-97">
         <name>.debug_info</name>
         <load_address>0x983</load_address>
         <run_address>0x983</run_address>
         <size>0xd4</size>
         <input_file_ref idref="fl-3"/>
      </object_component>
      <object_component id="oc-9a">
         <name>.debug_info</name>
         <load_address>0xa57</load_address>
         <run_address>0xa57</run_address>
         <size>0xd4</size>
         <input_file_ref idref="fl-3"/>
      </object_component>
      <object_component id="oc-9d">
         <name>.debug_info</name>
         <load_address>0xb2b</load_address>
         <run_address>0xb2b</run_address>
         <size>0xd4</size>
         <input_file_ref idref="fl-3"/>
      </object_component>
      <object_component id="oc-a0">
         <name>.debug_info</name>
         <load_address>0xbff</load_address>
         <run_address>0xbff</run_address>
         <size>0xd4</size>
         <input_file_ref idref="fl-3"/>
      </object_component>
      <object_component id="oc-a3">
         <name>.debug_info</name>
         <load_address>0xcd3</load_address>
         <run_address>0xcd3</run_address>
         <size>0xd4</size>
         <input_file_ref idref="fl-3"/>
      </object_component>
      <object_component id="oc-a6">
         <name>.debug_info</name>
         <load_address>0xda7</load_address>
         <run_address>0xda7</run_address>
         <size>0xd4</size>
         <input_file_ref idref="fl-3"/>
      </object_component>
      <object_component id="oc-30">
         <name>.debug_info</name>
         <load_address>0xe7b</load_address>
         <run_address>0xe7b</run_address>
         <size>0x1dcf</size>
         <input_file_ref idref="fl-3"/>
      </object_component>
      <object_component id="oc-ba">
         <name>.debug_info</name>
         <load_address>0x2c4a</load_address>
         <run_address>0x2c4a</run_address>
         <size>0x26b</size>
         <input_file_ref idref="fl-3"/>
      </object_component>
      <object_component id="oc-b3">
         <name>.debug_info</name>
         <load_address>0x2eb5</load_address>
         <run_address>0x2eb5</run_address>
         <size>0x202</size>
         <input_file_ref idref="fl-3"/>
      </object_component>
      <object_component id="oc-ae">
         <name>.debug_info</name>
         <load_address>0x30b7</load_address>
         <run_address>0x30b7</run_address>
         <size>0x8b</size>
         <input_file_ref idref="fl-3"/>
      </object_component>
      <object_component id="oc-119">
         <name>.debug_info</name>
         <load_address>0x3142</load_address>
         <run_address>0x3142</run_address>
         <size>0x2a4</size>
         <input_file_ref idref="fl-3"/>
      </object_component>
      <object_component id="oc-a9">
         <name>.debug_info</name>
         <load_address>0x33e6</load_address>
         <run_address>0x33e6</run_address>
         <size>0xbb</size>
         <input_file_ref idref="fl-3"/>
      </object_component>
      <object_component id="oc-108">
         <name>.debug_info</name>
         <load_address>0x34a1</load_address>
         <run_address>0x34a1</run_address>
         <size>0x2c</size>
         <input_file_ref idref="fl-3"/>
      </object_component>
      <object_component id="oc-35">
         <name>.debug_info</name>
         <load_address>0x34cd</load_address>
         <run_address>0x34cd</run_address>
         <size>0x303</size>
         <input_file_ref idref="fl-4"/>
      </object_component>
      <object_component id="oc-13">
         <name>.debug_info</name>
         <load_address>0x37d0</load_address>
         <run_address>0x37d0</run_address>
         <size>0xf2</size>
         <input_file_ref idref="fl-4"/>
      </object_component>
      <object_component id="oc-2b">
         <name>.debug_info</name>
         <load_address>0x38c2</load_address>
         <run_address>0x38c2</run_address>
         <size>0x26e</size>
         <input_file_ref idref="fl-4"/>
      </object_component>
      <object_component id="oc-3c">
         <name>.debug_info</name>
         <load_address>0x3b30</load_address>
         <run_address>0x3b30</run_address>
         <size>0x84</size>
         <input_file_ref idref="fl-4"/>
      </object_component>
      <object_component id="oc-ed">
         <name>.debug_info</name>
         <load_address>0x3bb4</load_address>
         <run_address>0x3bb4</run_address>
         <size>0x27a</size>
         <input_file_ref idref="fl-5"/>
      </object_component>
      <object_component id="oc-76">
         <name>.debug_info</name>
         <load_address>0x3e2e</load_address>
         <run_address>0x3e2e</run_address>
         <size>0x35c</size>
         <input_file_ref idref="fl-5"/>
      </object_component>
      <object_component id="oc-8b">
         <name>.debug_info</name>
         <load_address>0x418a</load_address>
         <run_address>0x418a</run_address>
         <size>0x129</size>
         <input_file_ref idref="fl-6"/>
      </object_component>
      <object_component id="oc-107">
         <name>.debug_info</name>
         <load_address>0x42b3</load_address>
         <run_address>0x42b3</run_address>
         <size>0x333</size>
         <input_file_ref idref="fl-c0"/>
      </object_component>
      <object_component id="oc-90">
         <name>.debug_info</name>
         <load_address>0x45e6</load_address>
         <run_address>0x45e6</run_address>
         <size>0x1d1</size>
         <input_file_ref idref="fl-c0"/>
      </object_component>
      <object_component id="oc-fc">
         <name>.debug_info</name>
         <load_address>0x47b7</load_address>
         <run_address>0x47b7</run_address>
         <size>0x18d</size>
         <input_file_ref idref="fl-c0"/>
      </object_component>
      <object_component id="oc-101">
         <name>.debug_info</name>
         <load_address>0x4944</load_address>
         <run_address>0x4944</run_address>
         <size>0x16d</size>
         <input_file_ref idref="fl-c0"/>
      </object_component>
      <object_component id="oc-24f">
         <name>.debug_info</name>
         <load_address>0x4ab1</load_address>
         <run_address>0x4ab1</run_address>
         <size>0x2c</size>
         <input_file_ref idref="fl-c0"/>
      </object_component>
      <object_component id="oc-44">
         <name>.debug_info</name>
         <load_address>0x4add</load_address>
         <run_address>0x4add</run_address>
         <size>0x119</size>
         <input_file_ref idref="fl-c1"/>
      </object_component>
      <object_component id="oc-d3">
         <name>.debug_info</name>
         <load_address>0x4bf6</load_address>
         <run_address>0x4bf6</run_address>
         <size>0x2d4</size>
         <input_file_ref idref="fl-c2"/>
      </object_component>
      <object_component id="oc-57">
         <name>.debug_info</name>
         <load_address>0x4eca</load_address>
         <run_address>0x4eca</run_address>
         <size>0x1b5</size>
         <input_file_ref idref="fl-c2"/>
      </object_component>
      <object_component id="oc-ce">
         <name>.debug_info</name>
         <load_address>0x507f</load_address>
         <run_address>0x507f</run_address>
         <size>0x46</size>
         <input_file_ref idref="fl-c2"/>
      </object_component>
      <object_component id="oc-125">
         <name>.debug_info</name>
         <load_address>0x50c5</load_address>
         <run_address>0x50c5</run_address>
         <size>0x2c</size>
         <input_file_ref idref="fl-c2"/>
      </object_component>
      <object_component id="oc-4c">
         <name>.debug_info</name>
         <load_address>0x50f1</load_address>
         <run_address>0x50f1</run_address>
         <size>0x2a8</size>
         <input_file_ref idref="fl-c3"/>
      </object_component>
      <object_component id="oc-1e">
         <name>.debug_info</name>
         <load_address>0x5399</load_address>
         <run_address>0x5399</run_address>
         <size>0x1ea</size>
         <input_file_ref idref="fl-c3"/>
      </object_component>
      <object_component id="oc-47">
         <name>.debug_info</name>
         <load_address>0x5583</load_address>
         <run_address>0x5583</run_address>
         <size>0x46</size>
         <input_file_ref idref="fl-c3"/>
      </object_component>
      <object_component id="oc-c6">
         <name>.debug_info</name>
         <load_address>0x55c9</load_address>
         <run_address>0x55c9</run_address>
         <size>0x2c</size>
         <input_file_ref idref="fl-c3"/>
      </object_component>
      <object_component id="oc-c4">
         <name>.debug_info</name>
         <load_address>0x55f5</load_address>
         <run_address>0x55f5</run_address>
         <size>0x29e</size>
         <input_file_ref idref="fl-c4"/>
      </object_component>
      <object_component id="oc-16">
         <name>.debug_info</name>
         <load_address>0x5893</load_address>
         <run_address>0x5893</run_address>
         <size>0x250</size>
         <input_file_ref idref="fl-c4"/>
      </object_component>
      <object_component id="oc-37">
         <name>.debug_info</name>
         <load_address>0x5ae3</load_address>
         <run_address>0x5ae3</run_address>
         <size>0x60</size>
         <input_file_ref idref="fl-c4"/>
      </object_component>
      <object_component id="oc-11e">
         <name>.debug_info</name>
         <load_address>0x5b43</load_address>
         <run_address>0x5b43</run_address>
         <size>0x46</size>
         <input_file_ref idref="fl-c4"/>
      </object_component>
      <object_component id="oc-bf">
         <name>.debug_info</name>
         <load_address>0x5b89</load_address>
         <run_address>0x5b89</run_address>
         <size>0x39</size>
         <input_file_ref idref="fl-c4"/>
      </object_component>
      <object_component id="oc-25">
         <name>.debug_info</name>
         <load_address>0x5bc2</load_address>
         <run_address>0x5bc2</run_address>
         <size>0x10b</size>
         <input_file_ref idref="fl-c5"/>
      </object_component>
      <object_component id="oc-62">
         <name>.debug_info</name>
         <load_address>0x5ccd</load_address>
         <run_address>0x5ccd</run_address>
         <size>0x1a9</size>
         <input_file_ref idref="fl-c5"/>
      </object_component>
      <object_component id="oc-1b0">
         <name>.debug_info</name>
         <load_address>0x5e76</load_address>
         <run_address>0x5e76</run_address>
         <size>0x590</size>
         <input_file_ref idref="fl-c6"/>
      </object_component>
      <object_component id="oc-17b">
         <name>.debug_info</name>
         <load_address>0x6406</load_address>
         <run_address>0x6406</run_address>
         <size>0x21e</size>
         <input_file_ref idref="fl-c6"/>
      </object_component>
      <object_component id="oc-212">
         <name>.debug_info</name>
         <load_address>0x6624</load_address>
         <run_address>0x6624</run_address>
         <size>0x1b3</size>
         <input_file_ref idref="fl-c6"/>
      </object_component>
      <object_component id="oc-218">
         <name>.debug_info</name>
         <load_address>0x67d7</load_address>
         <run_address>0x67d7</run_address>
         <size>0x21b</size>
         <input_file_ref idref="fl-c6"/>
      </object_component>
      <object_component id="oc-186">
         <name>.debug_info</name>
         <load_address>0x69f2</load_address>
         <run_address>0x69f2</run_address>
         <size>0x3c0</size>
         <input_file_ref idref="fl-c6"/>
      </object_component>
      <object_component id="oc-21f">
         <name>.debug_info</name>
         <load_address>0x6db2</load_address>
         <run_address>0x6db2</run_address>
         <size>0x30a</size>
         <input_file_ref idref="fl-c6"/>
      </object_component>
      <object_component id="oc-225">
         <name>.debug_info</name>
         <load_address>0x70bc</load_address>
         <run_address>0x70bc</run_address>
         <size>0x215</size>
         <input_file_ref idref="fl-c6"/>
      </object_component>
      <object_component id="oc-18c">
         <name>.debug_info</name>
         <load_address>0x72d1</load_address>
         <run_address>0x72d1</run_address>
         <size>0x215</size>
         <input_file_ref idref="fl-c6"/>
      </object_component>
      <object_component id="oc-192">
         <name>.debug_info</name>
         <load_address>0x74e6</load_address>
         <run_address>0x74e6</run_address>
         <size>0x304</size>
         <input_file_ref idref="fl-c6"/>
      </object_component>
      <object_component id="oc-198">
         <name>.debug_info</name>
         <load_address>0x77ea</load_address>
         <run_address>0x77ea</run_address>
         <size>0x4b5</size>
         <input_file_ref idref="fl-c6"/>
      </object_component>
      <object_component id="oc-f5">
         <name>.debug_info</name>
         <load_address>0x7c9f</load_address>
         <run_address>0x7c9f</run_address>
         <size>0x5f4</size>
         <input_file_ref idref="fl-c6"/>
      </object_component>
      <object_component id="oc-1b1">
         <name>.debug_info</name>
         <load_address>0x8293</load_address>
         <run_address>0x8293</run_address>
         <size>0x86</size>
         <input_file_ref idref="fl-c6"/>
      </object_component>
      <object_component id="oc-254">
         <name>.debug_info</name>
         <load_address>0x8319</load_address>
         <run_address>0x8319</run_address>
         <size>0x39</size>
         <input_file_ref idref="fl-c6"/>
      </object_component>
      <object_component id="oc-2b6">
         <name>.debug_info</name>
         <load_address>0x8352</load_address>
         <run_address>0x8352</run_address>
         <size>0xb6</size>
         <input_file_ref idref="fl-c6"/>
      </object_component>
      <object_component id="oc-259">
         <name>.debug_info</name>
         <load_address>0x8408</load_address>
         <run_address>0x8408</run_address>
         <size>0x46</size>
         <input_file_ref idref="fl-c6"/>
      </object_component>
      <object_component id="oc-1b6">
         <name>.debug_info</name>
         <load_address>0x844e</load_address>
         <run_address>0x844e</run_address>
         <size>0x46</size>
         <input_file_ref idref="fl-c6"/>
      </object_component>
      <object_component id="oc-299">
         <name>.debug_info</name>
         <load_address>0x8494</load_address>
         <run_address>0x8494</run_address>
         <size>0x29a</size>
         <input_file_ref idref="fl-c7"/>
      </object_component>
      <object_component id="oc-22e">
         <name>.debug_info</name>
         <load_address>0x872e</load_address>
         <run_address>0x872e</run_address>
         <size>0x195</size>
         <input_file_ref idref="fl-c7"/>
      </object_component>
      <object_component id="oc-2d1">
         <name>.debug_info</name>
         <load_address>0x88c3</load_address>
         <run_address>0x88c3</run_address>
         <size>0x39</size>
         <input_file_ref idref="fl-c7"/>
      </object_component>
      <object_component id="oc-29a">
         <name>.debug_info</name>
         <load_address>0x88fc</load_address>
         <run_address>0x88fc</run_address>
         <size>0x2c</size>
         <input_file_ref idref="fl-c7"/>
      </object_component>
      <object_component id="oc-2a6">
         <name>.debug_info</name>
         <load_address>0x8928</load_address>
         <run_address>0x8928</run_address>
         <size>0x2fd</size>
         <input_file_ref idref="fl-c8"/>
      </object_component>
      <object_component id="oc-233">
         <name>.debug_info</name>
         <load_address>0x8c25</load_address>
         <run_address>0x8c25</run_address>
         <size>0x225</size>
         <input_file_ref idref="fl-c8"/>
      </object_component>
      <object_component id="oc-2a0">
         <name>.debug_info</name>
         <load_address>0x8e4a</load_address>
         <run_address>0x8e4a</run_address>
         <size>0x161</size>
         <input_file_ref idref="fl-c9"/>
      </object_component>
      <object_component id="oc-1e8">
         <name>.debug_info</name>
         <load_address>0x8fab</load_address>
         <run_address>0x8fab</run_address>
         <size>0x134</size>
         <input_file_ref idref="fl-ca"/>
      </object_component>
      <object_component id="oc-d5">
         <name>.debug_info</name>
         <load_address>0x90df</load_address>
         <run_address>0x90df</run_address>
         <size>0x147</size>
         <input_file_ref idref="fl-cb"/>
      </object_component>
      <object_component id="oc-20d">
         <name>.debug_info</name>
         <load_address>0x9226</load_address>
         <run_address>0x9226</run_address>
         <size>0x14c</size>
         <input_file_ref idref="fl-cc"/>
      </object_component>
      <object_component id="oc-181">
         <name>.debug_info</name>
         <load_address>0x9372</load_address>
         <run_address>0x9372</run_address>
         <size>0x128</size>
         <input_file_ref idref="fl-cd"/>
      </object_component>
      <object_component id="oc-1f8">
         <name>.debug_info</name>
         <load_address>0x949a</load_address>
         <run_address>0x949a</run_address>
         <size>0x12a</size>
         <input_file_ref idref="fl-cd"/>
      </object_component>
      <object_component id="oc-1f4">
         <name>.debug_info</name>
         <load_address>0x95c4</load_address>
         <run_address>0x95c4</run_address>
         <size>0x13a</size>
         <input_file_ref idref="fl-ce"/>
      </object_component>
      <object_component id="oc-1f0">
         <name>.debug_info</name>
         <load_address>0x96fe</load_address>
         <run_address>0x96fe</run_address>
         <size>0x13a</size>
         <input_file_ref idref="fl-cf"/>
      </object_component>
      <object_component id="oc-1fd">
         <name>.debug_info</name>
         <load_address>0x9838</load_address>
         <run_address>0x9838</run_address>
         <size>0x12e</size>
         <input_file_ref idref="fl-d0"/>
      </object_component>
      <object_component id="oc-208">
         <name>.debug_info</name>
         <load_address>0x9966</load_address>
         <run_address>0x9966</run_address>
         <size>0x12c</size>
         <input_file_ref idref="fl-d1"/>
      </object_component>
      <object_component id="oc-1ca">
         <name>.debug_info</name>
         <load_address>0x9a92</load_address>
         <run_address>0x9a92</run_address>
         <size>0x4b3</size>
         <input_file_ref idref="fl-d2"/>
      </object_component>
      <object_component id="oc-13b">
         <name>.debug_info</name>
         <load_address>0x9f45</load_address>
         <run_address>0x9f45</run_address>
         <size>0x1a6</size>
         <input_file_ref idref="fl-d2"/>
      </object_component>
      <object_component id="oc-26e">
         <name>.debug_info</name>
         <load_address>0xa0eb</load_address>
         <run_address>0xa0eb</run_address>
         <size>0x39</size>
         <input_file_ref idref="fl-d2"/>
      </object_component>
      <object_component id="oc-2be">
         <name>.debug_info</name>
         <load_address>0xa124</load_address>
         <run_address>0xa124</run_address>
         <size>0x39</size>
         <input_file_ref idref="fl-d2"/>
      </object_component>
      <object_component id="oc-273">
         <name>.debug_info</name>
         <load_address>0xa15d</load_address>
         <run_address>0xa15d</run_address>
         <size>0x39</size>
         <input_file_ref idref="fl-d2"/>
      </object_component>
      <object_component id="oc-278">
         <name>.debug_info</name>
         <load_address>0xa196</load_address>
         <run_address>0xa196</run_address>
         <size>0xcd</size>
         <input_file_ref idref="fl-d2"/>
      </object_component>
      <object_component id="oc-db">
         <name>.debug_info</name>
         <load_address>0xa263</load_address>
         <run_address>0xa263</run_address>
         <size>0x153</size>
         <input_file_ref idref="fl-d3"/>
      </object_component>
      <object_component id="oc-130">
         <name>.debug_info</name>
         <load_address>0xa3b6</load_address>
         <run_address>0xa3b6</run_address>
         <size>0x122</size>
         <input_file_ref idref="fl-d5"/>
      </object_component>
      <object_component id="oc-291">
         <name>.debug_info</name>
         <load_address>0xa4d8</load_address>
         <run_address>0xa4d8</run_address>
         <size>0x29c</size>
         <input_file_ref idref="fl-d7"/>
      </object_component>
      <object_component id="oc-205">
         <name>.debug_info</name>
         <load_address>0xa774</load_address>
         <run_address>0xa774</run_address>
         <size>0x1da</size>
         <input_file_ref idref="fl-d7"/>
      </object_component>
      <object_component id="oc-1e5">
         <name>.debug_info</name>
         <load_address>0xa94e</load_address>
         <run_address>0xa94e</run_address>
         <size>0x2b9</size>
         <input_file_ref idref="fl-d9"/>
      </object_component>
      <object_component id="oc-176">
         <name>.debug_info</name>
         <load_address>0xac07</load_address>
         <run_address>0xac07</run_address>
         <size>0x17c</size>
         <input_file_ref idref="fl-d9"/>
      </object_component>
      <object_component id="oc-283">
         <name>.debug_info</name>
         <load_address>0xad83</load_address>
         <run_address>0xad83</run_address>
         <size>0xf9</size>
         <input_file_ref idref="fl-da"/>
      </object_component>
      <object_component id="oc-1e2">
         <name>.debug_info</name>
         <load_address>0xae7c</load_address>
         <run_address>0xae7c</run_address>
         <size>0x105</size>
         <input_file_ref idref="fl-da"/>
      </object_component>
      <object_component id="oc-240">
         <name>.debug_info</name>
         <load_address>0xaf81</load_address>
         <run_address>0xaf81</run_address>
         <size>0x2a7</size>
         <input_file_ref idref="fl-db"/>
      </object_component>
      <object_component id="oc-1a0">
         <name>.debug_info</name>
         <load_address>0xb228</load_address>
         <run_address>0xb228</run_address>
         <size>0x1b8</size>
         <input_file_ref idref="fl-db"/>
      </object_component>
      <object_component id="oc-2a8">
         <name>.debug_info</name>
         <load_address>0xb3e0</load_address>
         <run_address>0xb3e0</run_address>
         <size>0x29a</size>
         <input_file_ref idref="fl-dc"/>
      </object_component>
      <object_component id="oc-239">
         <name>.debug_info</name>
         <load_address>0xb67a</load_address>
         <run_address>0xb67a</run_address>
         <size>0x262</size>
         <input_file_ref idref="fl-dc"/>
      </object_component>
      <object_component id="oc-1e0">
         <name>.debug_info</name>
         <load_address>0xb8dc</load_address>
         <run_address>0xb8dc</run_address>
         <size>0x28f</size>
         <input_file_ref idref="fl-dd"/>
      </object_component>
      <object_component id="oc-16f">
         <name>.debug_info</name>
         <load_address>0xbb6b</load_address>
         <run_address>0xbb6b</run_address>
         <size>0x245</size>
         <input_file_ref idref="fl-dd"/>
      </object_component>
      <object_component id="oc-24c">
         <name>.debug_info</name>
         <load_address>0xbdb0</load_address>
         <run_address>0xbdb0</run_address>
         <size>0x289</size>
         <input_file_ref idref="fl-de"/>
      </object_component>
      <object_component id="oc-249">
         <name>.debug_info</name>
         <load_address>0xc039</load_address>
         <run_address>0xc039</run_address>
         <size>0x10e</size>
         <input_file_ref idref="fl-de"/>
      </object_component>
      <object_component id="oc-1ac">
         <name>.debug_info</name>
         <load_address>0xc147</load_address>
         <run_address>0xc147</run_address>
         <size>0x14e</size>
         <input_file_ref idref="fl-de"/>
      </object_component>
      <object_component id="oc-247">
         <name>.debug_info</name>
         <load_address>0xc295</load_address>
         <run_address>0xc295</run_address>
         <size>0x28f</size>
         <input_file_ref idref="fl-df"/>
      </object_component>
      <object_component id="oc-1a4">
         <name>.debug_info</name>
         <load_address>0xc524</load_address>
         <run_address>0xc524</run_address>
         <size>0x15a</size>
         <input_file_ref idref="fl-df"/>
      </object_component>
      <object_component id="oc-2ab">
         <name>.debug_info</name>
         <load_address>0xc67e</load_address>
         <run_address>0xc67e</run_address>
         <size>0x46</size>
         <input_file_ref idref="fl-df"/>
      </object_component>
      <object_component id="oc-242">
         <name>.debug_info</name>
         <load_address>0xc6c4</load_address>
         <run_address>0xc6c4</run_address>
         <size>0x39</size>
         <input_file_ref idref="fl-df"/>
      </object_component>
      <object_component id="oc-289">
         <name>.debug_info</name>
         <load_address>0xc6fd</load_address>
         <run_address>0xc6fd</run_address>
         <size>0x115</size>
         <input_file_ref idref="fl-e0"/>
      </object_component>
      <object_component id="oc-30a">
         <name>.debug_info</name>
         <load_address>0xc812</load_address>
         <run_address>0xc812</run_address>
         <size>0xa5</size>
      </object_component>
      <object_component id="oc-85">
         <name>.debug_line</name>
         <load_address>0x0</load_address>
         <run_address>0x0</run_address>
         <size>0x68</size>
         <input_file_ref idref="fl-2"/>
      </object_component>
      <object_component id="oc-f1">
         <name>.debug_line</name>
         <load_address>0x68</load_address>
         <run_address>0x68</run_address>
         <size>0x9b</size>
         <input_file_ref idref="fl-3"/>
      </object_component>
      <object_component id="oc-ef">
         <name>.debug_line</name>
         <load_address>0x103</load_address>
         <run_address>0x103</run_address>
         <size>0x2d</size>
         <input_file_ref idref="fl-3"/>
      </object_component>
      <object_component id="oc-10e">
         <name>.debug_line</name>
         <load_address>0x130</load_address>
         <run_address>0x130</run_address>
         <size>0x2d</size>
         <input_file_ref idref="fl-3"/>
      </object_component>
      <object_component id="oc-110">
         <name>.debug_line</name>
         <load_address>0x15d</load_address>
         <run_address>0x15d</run_address>
         <size>0x2d</size>
         <input_file_ref idref="fl-3"/>
      </object_component>
      <object_component id="oc-112">
         <name>.debug_line</name>
         <load_address>0x18a</load_address>
         <run_address>0x18a</run_address>
         <size>0x2d</size>
         <input_file_ref idref="fl-3"/>
      </object_component>
      <object_component id="oc-114">
         <name>.debug_line</name>
         <load_address>0x1b7</load_address>
         <run_address>0x1b7</run_address>
         <size>0x2d</size>
         <input_file_ref idref="fl-3"/>
      </object_component>
      <object_component id="oc-116">
         <name>.debug_line</name>
         <load_address>0x1e4</load_address>
         <run_address>0x1e4</run_address>
         <size>0x2d</size>
         <input_file_ref idref="fl-3"/>
      </object_component>
      <object_component id="oc-118">
         <name>.debug_line</name>
         <load_address>0x211</load_address>
         <run_address>0x211</run_address>
         <size>0x2d</size>
         <input_file_ref idref="fl-3"/>
      </object_component>
      <object_component id="oc-2f">
         <name>.debug_line</name>
         <load_address>0x23e</load_address>
         <run_address>0x23e</run_address>
         <size>0xbec</size>
         <input_file_ref idref="fl-3"/>
      </object_component>
      <object_component id="oc-bd">
         <name>.debug_line</name>
         <load_address>0xe2a</load_address>
         <run_address>0xe2a</run_address>
         <size>0x78</size>
         <input_file_ref idref="fl-3"/>
      </object_component>
      <object_component id="oc-b6">
         <name>.debug_line</name>
         <load_address>0xea2</load_address>
         <run_address>0xea2</run_address>
         <size>0x2d</size>
         <input_file_ref idref="fl-3"/>
      </object_component>
      <object_component id="oc-b1">
         <name>.debug_line</name>
         <load_address>0xecf</load_address>
         <run_address>0xecf</run_address>
         <size>0x20</size>
         <input_file_ref idref="fl-3"/>
      </object_component>
      <object_component id="oc-11c">
         <name>.debug_line</name>
         <load_address>0xeef</load_address>
         <run_address>0xeef</run_address>
         <size>0x7c</size>
         <input_file_ref idref="fl-3"/>
      </object_component>
      <object_component id="oc-ac">
         <name>.debug_line</name>
         <load_address>0xf6b</load_address>
         <run_address>0xf6b</run_address>
         <size>0x79</size>
         <input_file_ref idref="fl-3"/>
      </object_component>
      <object_component id="oc-10b">
         <name>.debug_line</name>
         <load_address>0xfe4</load_address>
         <run_address>0xfe4</run_address>
         <size>0x74</size>
         <input_file_ref idref="fl-3"/>
      </object_component>
      <object_component id="oc-b9">
         <name>.debug_line</name>
         <load_address>0x1058</load_address>
         <run_address>0x1058</run_address>
         <size>0x41</size>
         <input_file_ref idref="fl-4"/>
      </object_component>
      <object_component id="oc-34">
         <name>.debug_line</name>
         <load_address>0x1099</load_address>
         <run_address>0x1099</run_address>
         <size>0x41</size>
         <input_file_ref idref="fl-4"/>
      </object_component>
      <object_component id="oc-2a">
         <name>.debug_line</name>
         <load_address>0x10da</load_address>
         <run_address>0x10da</run_address>
         <size>0xa1</size>
         <input_file_ref idref="fl-4"/>
      </object_component>
      <object_component id="oc-3f">
         <name>.debug_line</name>
         <load_address>0x117b</load_address>
         <run_address>0x117b</run_address>
         <size>0x20</size>
         <input_file_ref idref="fl-4"/>
      </object_component>
      <object_component id="oc-16d">
         <name>.debug_line</name>
         <load_address>0x119b</load_address>
         <run_address>0x119b</run_address>
         <size>0x2e</size>
         <input_file_ref idref="fl-5"/>
      </object_component>
      <object_component id="oc-78">
         <name>.debug_line</name>
         <load_address>0x11c9</load_address>
         <run_address>0x11c9</run_address>
         <size>0xf1</size>
         <input_file_ref idref="fl-5"/>
      </object_component>
      <object_component id="oc-8a">
         <name>.debug_line</name>
         <load_address>0x12ba</load_address>
         <run_address>0x12ba</run_address>
         <size>0x52</size>
         <input_file_ref idref="fl-6"/>
      </object_component>
      <object_component id="oc-1be">
         <name>.debug_line</name>
         <load_address>0x130c</load_address>
         <run_address>0x130c</run_address>
         <size>0x2d</size>
         <input_file_ref idref="fl-c0"/>
      </object_component>
      <object_component id="oc-94">
         <name>.debug_line</name>
         <load_address>0x1339</load_address>
         <run_address>0x1339</run_address>
         <size>0x4b</size>
         <input_file_ref idref="fl-c0"/>
      </object_component>
      <object_component id="oc-fb">
         <name>.debug_line</name>
         <load_address>0x1384</load_address>
         <run_address>0x1384</run_address>
         <size>0x4b</size>
         <input_file_ref idref="fl-c0"/>
      </object_component>
      <object_component id="oc-104">
         <name>.debug_line</name>
         <load_address>0x13cf</load_address>
         <run_address>0x13cf</run_address>
         <size>0x3f</size>
         <input_file_ref idref="fl-c0"/>
      </object_component>
      <object_component id="oc-252">
         <name>.debug_line</name>
         <load_address>0x140e</load_address>
         <run_address>0x140e</run_address>
         <size>0x91</size>
         <input_file_ref idref="fl-c0"/>
      </object_component>
      <object_component id="oc-42">
         <name>.debug_line</name>
         <load_address>0x149f</load_address>
         <run_address>0x149f</run_address>
         <size>0x88</size>
         <input_file_ref idref="fl-c1"/>
      </object_component>
      <object_component id="oc-12b">
         <name>.debug_line</name>
         <load_address>0x1527</load_address>
         <run_address>0x1527</run_address>
         <size>0x92</size>
         <input_file_ref idref="fl-c2"/>
      </object_component>
      <object_component id="oc-55">
         <name>.debug_line</name>
         <load_address>0x15b9</load_address>
         <run_address>0x15b9</run_address>
         <size>0x53</size>
         <input_file_ref idref="fl-c2"/>
      </object_component>
      <object_component id="oc-d1">
         <name>.debug_line</name>
         <load_address>0x160c</load_address>
         <run_address>0x160c</run_address>
         <size>0x34</size>
         <input_file_ref idref="fl-c2"/>
      </object_component>
      <object_component id="oc-128">
         <name>.debug_line</name>
         <load_address>0x1640</load_address>
         <run_address>0x1640</run_address>
         <size>0x92</size>
         <input_file_ref idref="fl-c2"/>
      </object_component>
      <object_component id="oc-cc">
         <name>.debug_line</name>
         <load_address>0x16d2</load_address>
         <run_address>0x16d2</run_address>
         <size>0x20</size>
         <input_file_ref idref="fl-c3"/>
      </object_component>
      <object_component id="oc-20">
         <name>.debug_line</name>
         <load_address>0x16f2</load_address>
         <run_address>0x16f2</run_address>
         <size>0x55</size>
         <input_file_ref idref="fl-c3"/>
      </object_component>
      <object_component id="oc-4a">
         <name>.debug_line</name>
         <load_address>0x1747</load_address>
         <run_address>0x1747</run_address>
         <size>0x3a</size>
         <input_file_ref idref="fl-c3"/>
      </object_component>
      <object_component id="oc-c9">
         <name>.debug_line</name>
         <load_address>0x1781</load_address>
         <run_address>0x1781</run_address>
         <size>0x92</size>
         <input_file_ref idref="fl-c3"/>
      </object_component>
      <object_component id="oc-124">
         <name>.debug_line</name>
         <load_address>0x1813</load_address>
         <run_address>0x1813</run_address>
         <size>0x20</size>
         <input_file_ref idref="fl-c4"/>
      </object_component>
      <object_component id="oc-1a">
         <name>.debug_line</name>
         <load_address>0x1833</load_address>
         <run_address>0x1833</run_address>
         <size>0xa9</size>
         <input_file_ref idref="fl-c4"/>
      </object_component>
      <object_component id="oc-3a">
         <name>.debug_line</name>
         <load_address>0x18dc</load_address>
         <run_address>0x18dc</run_address>
         <size>0x3a</size>
         <input_file_ref idref="fl-c4"/>
      </object_component>
      <object_component id="oc-121">
         <name>.debug_line</name>
         <load_address>0x1916</load_address>
         <run_address>0x1916</run_address>
         <size>0x9a</size>
         <input_file_ref idref="fl-c4"/>
      </object_component>
      <object_component id="oc-c2">
         <name>.debug_line</name>
         <load_address>0x19b0</load_address>
         <run_address>0x19b0</run_address>
         <size>0x96</size>
         <input_file_ref idref="fl-c4"/>
      </object_component>
      <object_component id="oc-72">
         <name>.debug_line</name>
         <load_address>0x1a46</load_address>
         <run_address>0x1a46</run_address>
         <size>0x33</size>
         <input_file_ref idref="fl-c5"/>
      </object_component>
      <object_component id="oc-61">
         <name>.debug_line</name>
         <load_address>0x1a79</load_address>
         <run_address>0x1a79</run_address>
         <size>0x45</size>
         <input_file_ref idref="fl-c5"/>
      </object_component>
      <object_component id="oc-24e">
         <name>.debug_line</name>
         <load_address>0x1abe</load_address>
         <run_address>0x1abe</run_address>
         <size>0x264</size>
         <input_file_ref idref="fl-c6"/>
      </object_component>
      <object_component id="oc-17f">
         <name>.debug_line</name>
         <load_address>0x1d22</load_address>
         <run_address>0x1d22</run_address>
         <size>0x7a</size>
         <input_file_ref idref="fl-c6"/>
      </object_component>
      <object_component id="oc-216">
         <name>.debug_line</name>
         <load_address>0x1d9c</load_address>
         <run_address>0x1d9c</run_address>
         <size>0x51</size>
         <input_file_ref idref="fl-c6"/>
      </object_component>
      <object_component id="oc-21c">
         <name>.debug_line</name>
         <load_address>0x1ded</load_address>
         <run_address>0x1ded</run_address>
         <size>0x88</size>
         <input_file_ref idref="fl-c6"/>
      </object_component>
      <object_component id="oc-18a">
         <name>.debug_line</name>
         <load_address>0x1e75</load_address>
         <run_address>0x1e75</run_address>
         <size>0x14d</size>
         <input_file_ref idref="fl-c6"/>
      </object_component>
      <object_component id="oc-223">
         <name>.debug_line</name>
         <load_address>0x1fc2</load_address>
         <run_address>0x1fc2</run_address>
         <size>0xee</size>
         <input_file_ref idref="fl-c6"/>
      </object_component>
      <object_component id="oc-228">
         <name>.debug_line</name>
         <load_address>0x20b0</load_address>
         <run_address>0x20b0</run_address>
         <size>0x5d</size>
         <input_file_ref idref="fl-c6"/>
      </object_component>
      <object_component id="oc-190">
         <name>.debug_line</name>
         <load_address>0x210d</load_address>
         <run_address>0x210d</run_address>
         <size>0x5c</size>
         <input_file_ref idref="fl-c6"/>
      </object_component>
      <object_component id="oc-196">
         <name>.debug_line</name>
         <load_address>0x2169</load_address>
         <run_address>0x2169</run_address>
         <size>0xae</size>
         <input_file_ref idref="fl-c6"/>
      </object_component>
      <object_component id="oc-19c">
         <name>.debug_line</name>
         <load_address>0x2217</load_address>
         <run_address>0x2217</run_address>
         <size>0x1b0</size>
         <input_file_ref idref="fl-c6"/>
      </object_component>
      <object_component id="oc-f9">
         <name>.debug_line</name>
         <load_address>0x23c7</load_address>
         <run_address>0x23c7</run_address>
         <size>0x76f</size>
         <input_file_ref idref="fl-c6"/>
      </object_component>
      <object_component id="oc-1b4">
         <name>.debug_line</name>
         <load_address>0x2b36</load_address>
         <run_address>0x2b36</run_address>
         <size>0x92</size>
         <input_file_ref idref="fl-c6"/>
      </object_component>
      <object_component id="oc-257">
         <name>.debug_line</name>
         <load_address>0x2bc8</load_address>
         <run_address>0x2bc8</run_address>
         <size>0x92</size>
         <input_file_ref idref="fl-c6"/>
      </object_component>
      <object_component id="oc-2b9">
         <name>.debug_line</name>
         <load_address>0x2c5a</load_address>
         <run_address>0x2c5a</run_address>
         <size>0x9a</size>
         <input_file_ref idref="fl-c6"/>
      </object_component>
      <object_component id="oc-25c">
         <name>.debug_line</name>
         <load_address>0x2cf4</load_address>
         <run_address>0x2cf4</run_address>
         <size>0x97</size>
         <input_file_ref idref="fl-c6"/>
      </object_component>
      <object_component id="oc-1b9">
         <name>.debug_line</name>
         <load_address>0x2d8b</load_address>
         <run_address>0x2d8b</run_address>
         <size>0x2e</size>
         <input_file_ref idref="fl-c6"/>
      </object_component>
      <object_component id="oc-2d0">
         <name>.debug_line</name>
         <load_address>0x2db9</load_address>
         <run_address>0x2db9</run_address>
         <size>0x20</size>
         <input_file_ref idref="fl-c7"/>
      </object_component>
      <object_component id="oc-22d">
         <name>.debug_line</name>
         <load_address>0x2dd9</load_address>
         <run_address>0x2dd9</run_address>
         <size>0x5e</size>
         <input_file_ref idref="fl-c7"/>
      </object_component>
      <object_component id="oc-2d4">
         <name>.debug_line</name>
         <load_address>0x2e37</load_address>
         <run_address>0x2e37</run_address>
         <size>0x9a</size>
         <input_file_ref idref="fl-c7"/>
      </object_component>
      <object_component id="oc-29d">
         <name>.debug_line</name>
         <load_address>0x2ed1</load_address>
         <run_address>0x2ed1</run_address>
         <size>0x97</size>
         <input_file_ref idref="fl-c7"/>
      </object_component>
      <object_component id="oc-2d8">
         <name>.debug_line</name>
         <load_address>0x2f68</load_address>
         <run_address>0x2f68</run_address>
         <size>0x9b</size>
         <input_file_ref idref="fl-c8"/>
      </object_component>
      <object_component id="oc-236">
         <name>.debug_line</name>
         <load_address>0x3003</load_address>
         <run_address>0x3003</run_address>
         <size>0x9c</size>
         <input_file_ref idref="fl-c8"/>
      </object_component>
      <object_component id="oc-2a4">
         <name>.debug_line</name>
         <load_address>0x309f</load_address>
         <run_address>0x309f</run_address>
         <size>0x48</size>
         <input_file_ref idref="fl-c9"/>
      </object_component>
      <object_component id="oc-1ea">
         <name>.debug_line</name>
         <load_address>0x30e7</load_address>
         <run_address>0x30e7</run_address>
         <size>0x81</size>
         <input_file_ref idref="fl-ca"/>
      </object_component>
      <object_component id="oc-d8">
         <name>.debug_line</name>
         <load_address>0x3168</load_address>
         <run_address>0x3168</run_address>
         <size>0x79</size>
         <input_file_ref idref="fl-cb"/>
      </object_component>
      <object_component id="oc-210">
         <name>.debug_line</name>
         <load_address>0x31e1</load_address>
         <run_address>0x31e1</run_address>
         <size>0xd2</size>
         <input_file_ref idref="fl-cc"/>
      </object_component>
      <object_component id="oc-184">
         <name>.debug_line</name>
         <load_address>0x32b3</load_address>
         <run_address>0x32b3</run_address>
         <size>0x77</size>
         <input_file_ref idref="fl-cd"/>
      </object_component>
      <object_component id="oc-1fb">
         <name>.debug_line</name>
         <load_address>0x332a</load_address>
         <run_address>0x332a</run_address>
         <size>0x77</size>
         <input_file_ref idref="fl-cd"/>
      </object_component>
      <object_component id="oc-1f6">
         <name>.debug_line</name>
         <load_address>0x33a1</load_address>
         <run_address>0x33a1</run_address>
         <size>0xa8</size>
         <input_file_ref idref="fl-ce"/>
      </object_component>
      <object_component id="oc-1ef">
         <name>.debug_line</name>
         <load_address>0x3449</load_address>
         <run_address>0x3449</run_address>
         <size>0x8e</size>
         <input_file_ref idref="fl-cf"/>
      </object_component>
      <object_component id="oc-200">
         <name>.debug_line</name>
         <load_address>0x34d7</load_address>
         <run_address>0x34d7</run_address>
         <size>0x5a</size>
         <input_file_ref idref="fl-d0"/>
      </object_component>
      <object_component id="oc-20b">
         <name>.debug_line</name>
         <load_address>0x3531</load_address>
         <run_address>0x3531</run_address>
         <size>0x50</size>
         <input_file_ref idref="fl-d1"/>
      </object_component>
      <object_component id="oc-26d">
         <name>.debug_line</name>
         <load_address>0x3581</load_address>
         <run_address>0x3581</run_address>
         <size>0xbf</size>
         <input_file_ref idref="fl-d2"/>
      </object_component>
      <object_component id="oc-13e">
         <name>.debug_line</name>
         <load_address>0x3640</load_address>
         <run_address>0x3640</run_address>
         <size>0x6f</size>
         <input_file_ref idref="fl-d2"/>
      </object_component>
      <object_component id="oc-271">
         <name>.debug_line</name>
         <load_address>0x36af</load_address>
         <run_address>0x36af</run_address>
         <size>0x2e</size>
         <input_file_ref idref="fl-d2"/>
      </object_component>
      <object_component id="oc-2c1">
         <name>.debug_line</name>
         <load_address>0x36dd</load_address>
         <run_address>0x36dd</run_address>
         <size>0x9a</size>
         <input_file_ref idref="fl-d2"/>
      </object_component>
      <object_component id="oc-276">
         <name>.debug_line</name>
         <load_address>0x3777</load_address>
         <run_address>0x3777</run_address>
         <size>0x97</size>
         <input_file_ref idref="fl-d2"/>
      </object_component>
      <object_component id="oc-27b">
         <name>.debug_line</name>
         <load_address>0x380e</load_address>
         <run_address>0x380e</run_address>
         <size>0x93</size>
         <input_file_ref idref="fl-d2"/>
      </object_component>
      <object_component id="oc-de">
         <name>.debug_line</name>
         <load_address>0x38a1</load_address>
         <run_address>0x38a1</run_address>
         <size>0x40</size>
         <input_file_ref idref="fl-d3"/>
      </object_component>
      <object_component id="oc-132">
         <name>.debug_line</name>
         <load_address>0x38e1</load_address>
         <run_address>0x38e1</run_address>
         <size>0x3c</size>
         <input_file_ref idref="fl-d5"/>
      </object_component>
      <object_component id="oc-2ce">
         <name>.debug_line</name>
         <load_address>0x391d</load_address>
         <run_address>0x391d</run_address>
         <size>0x20</size>
         <input_file_ref idref="fl-d7"/>
      </object_component>
      <object_component id="oc-203">
         <name>.debug_line</name>
         <load_address>0x393d</load_address>
         <run_address>0x393d</run_address>
         <size>0x67</size>
         <input_file_ref idref="fl-d7"/>
      </object_component>
      <object_component id="oc-285">
         <name>.debug_line</name>
         <load_address>0x39a4</load_address>
         <run_address>0x39a4</run_address>
         <size>0x91</size>
         <input_file_ref idref="fl-d9"/>
      </object_component>
      <object_component id="oc-179">
         <name>.debug_line</name>
         <load_address>0x3a35</load_address>
         <run_address>0x3a35</run_address>
         <size>0x63</size>
         <input_file_ref idref="fl-d9"/>
      </object_component>
      <object_component id="oc-2cb">
         <name>.debug_line</name>
         <load_address>0x3a98</load_address>
         <run_address>0x3a98</run_address>
         <size>0x20</size>
         <input_file_ref idref="fl-da"/>
      </object_component>
      <object_component id="oc-282">
         <name>.debug_line</name>
         <load_address>0x3ab8</load_address>
         <run_address>0x3ab8</run_address>
         <size>0x2b</size>
         <input_file_ref idref="fl-da"/>
      </object_component>
      <object_component id="oc-2aa">
         <name>.debug_line</name>
         <load_address>0x3ae3</load_address>
         <run_address>0x3ae3</run_address>
         <size>0x20</size>
         <input_file_ref idref="fl-db"/>
      </object_component>
      <object_component id="oc-19f">
         <name>.debug_line</name>
         <load_address>0x3b03</load_address>
         <run_address>0x3b03</run_address>
         <size>0x48</size>
         <input_file_ref idref="fl-db"/>
      </object_component>
      <object_component id="oc-2da">
         <name>.debug_line</name>
         <load_address>0x3b4b</load_address>
         <run_address>0x3b4b</run_address>
         <size>0x20</size>
         <input_file_ref idref="fl-dc"/>
      </object_component>
      <object_component id="oc-23c">
         <name>.debug_line</name>
         <load_address>0x3b6b</load_address>
         <run_address>0x3b6b</run_address>
         <size>0xb0</size>
         <input_file_ref idref="fl-dc"/>
      </object_component>
      <object_component id="oc-280">
         <name>.debug_line</name>
         <load_address>0x3c1b</load_address>
         <run_address>0x3c1b</run_address>
         <size>0x20</size>
         <input_file_ref idref="fl-dd"/>
      </object_component>
      <object_component id="oc-172">
         <name>.debug_line</name>
         <load_address>0x3c3b</load_address>
         <run_address>0x3c3b</run_address>
         <size>0xb2</size>
         <input_file_ref idref="fl-dd"/>
      </object_component>
      <object_component id="oc-2b5">
[...]
         <name>binit</name>
         <value>0xffffffff</value>
      </symbol>
      <symbol id="sm-9">
         <name>__binit__</name>
         <value>0xffffffff</value>
      </symbol>
      <symbol id="sm-a">
         <name>__STACK_SIZE</name>
         <value>0x1000</value>
      </symbol>
      <symbol id="sm-b">
         <name>__STACK_END</name>
         <value>0x20001000</value>
      </symbol>
      <symbol id="sm-c">
         <name>__c_args__</name>
         <value>0xffffffff</value>
      </symbol>
      <symbol id="sm-d">
         <name>__TI_pprof_out_hndl</name>
         <value>0xffffffff</value>
      </symbol>
      <symbol id="sm-e">
         <name>__TI_prof_data_start</name>
         <value>0xffffffff</value>
      </symbol>
      <symbol id="sm-f">
         <name>__TI_prof_data_size</name>
         <value>0xffffffff</value>
      </symbol>
      <symbol id="sm-37">
         <name>getR0</name>
         <value>0x39c9</value>
         <object_component_ref idref="oc-81"/>
      </symbol>
      <symbol id="sm-38">
         <name>idle2XPSR</name>
         <value>0x395f</value>
         <object_component_ref idref="oc-81"/>
      </symbol>
      <symbol id="sm-39">
         <name>idel2forR0toLR</name>
         <value>0x3985</value>
         <object_component_ref idref="oc-81"/>
      </symbol>
      <symbol id="sm-3a">
         <name>pspset</name>
         <value>0x3931</value>
         <object_component_ref idref="oc-81"/>
      </symbol>
      <symbol id="sm-3b">
         <name>idel2forPC</name>
         <value>0x3973</value>
         <object_component_ref idref="oc-81"/>
      </symbol>
      <symbol id="sm-3c">
         <name>get_SV_val</name>
         <value>0x39b7</value>
         <object_component_ref idref="oc-81"/>
      </symbol>
      <symbol id="sm-3d">
         <name>swpop</name>
         <value>0x3943</value>
         <object_component_ref idref="oc-81"/>
      </symbol>
      <symbol id="sm-3e">
         <name>swpush</name>
         <value>0x3951</value>
         <object_component_ref idref="oc-81"/>
      </symbol>
      <symbol id="sm-282">
         <name>semaphores</name>
         <value>0x20001388</value>
      </symbol>
      <symbol id="sm-283">
         <name>data</name>
         <value>0x200012a0</value>
      </symbol>
      <symbol id="sm-284">
         <name>s</name>
         <value>0x20001448</value>
      </symbol>
      <symbol id="sm-285">
         <name>heapBase</name>
         <value>0x20001444</value>
      </symbol>
      <symbol id="sm-286">
         <name>sum</name>
         <value>0x20001414</value>
      </symbol>
      <symbol id="sm-287">
         <name>tcb</name>
         <value>0x20001000</value>
      </symbol>
      <symbol id="sm-288">
         <name>copy_str</name>
         <value>0x603</value>
         <object_component_ref idref="oc-2d"/>
      </symbol>
      <symbol id="sm-289">
         <name>initHw</name>
         <value>0x110d</value>
         <object_component_ref idref="oc-2d"/>
      </symbol>
      <symbol id="sm-28a">
         <name>initRtos</name>
         <value>0x26d</value>
         <object_component_ref idref="oc-2d"/>
      </symbol>
      <symbol id="sm-28b">
         <name>isCommand</name>
         <value>0xa99</value>
         <object_component_ref idref="oc-2d"/>
      </symbol>
      <symbol id="sm-28c">
         <name>processflag</name>
         <value>0x2000145a</value>
         <object_component_ref idref="oc-7a"/>
      </symbol>
      <symbol id="sm-28d">
         <name>getFieldString</name>
         <value>0xba9</value>
         <object_component_ref idref="oc-2d"/>
      </symbol>
      <symbol id="sm-28e">
         <name>flash4Hz</name>
         <value>0x1271</value>
         <object_component_ref idref="oc-2d"/>
      </symbol>
      <symbol id="sm-28f">
         <name>pendSvIsr</name>
         <value>0xde3</value>
         <object_component_ref idref="oc-2d"/>
      </symbol>
      <symbol id="sm-290">
         <name>sumcount</name>
         <value>0x20001456</value>
         <object_component_ref idref="oc-7a"/>
      </symbol>
      <symbol id="sm-291">
         <name>rtosScheduler</name>
         <value>0x2bb</value>
         <object_component_ref idref="oc-2d"/>
      </symbol>
      <symbol id="sm-292">
         <name>taskCount</name>
         <value>0x2000144d</value>
         <object_component_ref idref="oc-7a"/>
      </symbol>
      <symbol id="sm-293">
         <name>idle</name>
         <value>0x1251</value>
         <object_component_ref idref="oc-2d"/>
      </symbol>
      <symbol id="sm-294">
         <name>readKeys</name>
         <value>0x130d</value>
         <object_component_ref idref="oc-2d"/>
      </symbol>
      <symbol id="sm-295">
         <name>destroyThread</name>
         <value>0x833</value>
         <object_component_ref idref="oc-2d"/>
      </symbol>
      <symbol id="sm-296">
         <name>systickIsr</name>
         <value>0xc8d</value>
         <object_component_ref idref="oc-2d"/>
      </symbol>
      <symbol id="sm-297">
         <name>i</name>
         <value>0x20001454</value>
         <object_component_ref idref="oc-7a"/>
      </symbol>
      <symbol id="sm-298">
         <name>getFieldInteger</name>
         <value>0xbdd</value>
         <object_component_ref idref="oc-2d"/>
      </symbol>
      <symbol id="sm-299">
         <name>strcmp</name>
         <value>0x1451</value>
         <object_component_ref idref="oc-2d"/>
      </symbol>
      <symbol id="sm-29a">
         <name>restartThread</name>
         <value>0x793</value>
         <object_component_ref idref="oc-2d"/>
      </symbol>
      <symbol id="sm-29b">
         <name>prempt</name>
         <value>0x2000145b</value>
         <object_component_ref idref="oc-7a"/>
      </symbol>
      <symbol id="sm-29c">
         <name>main</name>
         <value>0x1ed5</value>
         <object_component_ref idref="oc-2d"/>
      </symbol>
      <symbol id="sm-29d">
         <name>shell</name>
         <value>0x1515</value>
         <object_component_ref idref="oc-2d"/>
      </symbol>
      <symbol id="sm-29e">
         <name>debounce</name>
         <value>0x13a9</value>
         <object_component_ref idref="oc-2d"/>
      </symbol>
      <symbol id="sm-29f">
         <name>createSemaphore</name>
         <value>0x9b1</value>
         <object_component_ref idref="oc-2d"/>
      </symbol>
      <symbol id="sm-2a0">
         <name>firstcall</name>
         <value>0x20001459</value>
         <object_component_ref idref="oc-7a"/>
      </symbol>
      <symbol id="sm-2a1">
         <name>partOfLengthyFn</name>
         <value>0x12ad</value>
         <object_component_ref idref="oc-2d"/>
      </symbol>
      <symbol id="sm-2a2">
         <name>oneshot</name>
         <value>0x1285</value>
         <object_component_ref idref="oc-2d"/>
      </symbol>
      <symbol id="sm-2a3">
         <name>readPbs</name>
         <value>0x11ed</value>
         <object_component_ref idref="oc-2d"/>
      </symbol>
      <symbol id="sm-2a4">
         <name>wait</name>
         <value>0xc4d</value>
         <object_component_ref idref="oc-2d"/>
      </symbol>
      <symbol id="sm-2a5">
         <name>priorityon</name>
         <value>0x2000145c</value>
         <object_component_ref idref="oc-7a"/>
      </symbol>
      <symbol id="sm-2a6">
         <name>piflag</name>
         <value>0x20001458</value>
         <object_component_ref idref="oc-7a"/>
      </symbol>
      <symbol id="sm-2a7">
         <name>svCallIsr</name>
         <value>0xedd</value>
         <object_component_ref idref="oc-2d"/>
      </symbol>
      <symbol id="sm-2a8">
         <name>taskCurrent</name>
         <value>0x2000144c</value>
         <object_component_ref idref="oc-7a"/>
      </symbol>
      <symbol id="sm-2a9">
         <name>pidCounter</name>
         <value>0x20001450</value>
         <object_component_ref idref="oc-7a"/>
      </symbol>
      <symbol id="sm-2aa">
         <name>post</name>
         <value>0xc5b</value>
         <object_component_ref idref="oc-2d"/>
      </symbol>
      <symbol id="sm-2ab">
         <name>uncooperative</name>
         <value>0x13eb</value>
         <object_component_ref idref="oc-2d"/>
      </symbol>
      <symbol id="sm-2ac">
         <name>startRtos</name>
         <value>0xa01</value>
         <object_component_ref idref="oc-2d"/>
      </symbol>
      <symbol id="sm-2ad">
         <name>important</name>
         <value>0x1401</value>
         <object_component_ref idref="oc-2d"/>
      </symbol>
      <symbol id="sm-2ae">
         <name>setThreadPriority</name>
         <value>0x959</value>
         <object_component_ref idref="oc-2d"/>
      </symbol>
      <symbol id="sm-2af">
         <name>createThread</name>
         <value>0x64d</value>
         <object_component_ref idref="oc-2d"/>
      </symbol>
      <symbol id="sm-2b0">
         <name>lengthyFn</name>
         <value>0x12c1</value>
         <object_component_ref idref="oc-2d"/>
      </symbol>
      <symbol id="sm-2b1">
         <name>parseF</name>
         <value>0x4b9</value>
         <object_component_ref idref="oc-2d"/>
      </symbol>
      <symbol id="sm-2b2">
         <name>yield</name>
         <value>0xc37</value>
         <object_component_ref idref="oc-2d"/>
      </symbol>
      <symbol id="sm-2b3">
         <name>getsUart0</name>
         <value>0x3ef</value>
         <object_component_ref idref="oc-2d"/>
      </symbol>
      <symbol id="sm-2b4">
         <name>sleep</name>
         <value>0xc41</value>
         <object_component_ref idref="oc-2d"/>
      </symbol>
      <symbol id="sm-2d5">
         <name>ResetISR</name>
         <value>0x4143</value>
         <object_component_ref idref="oc-27"/>
      </symbol>
      <symbol id="sm-2d6">
         <name>g_pfnVectors</name>
         <value>0x0</value>
         <object_component_ref idref="oc-12"/>
      </symbol>
      <symbol id="sm-302">
         <name>getcUart0</name>
         <value>0x3251</value>
         <object_component_ref idref="oc-74"/>
      </symbol>
      <symbol id="sm-303">
         <name>kbhitUart0</name>
         <value>0x326d</value>
         <object_component_ref idref="oc-74"/>
      </symbol>
      <symbol id="sm-304">
         <name>setUart0BaudRate</name>
         <value>0x31c9</value>
         <object_component_ref idref="oc-74"/>
      </symbol>
      <symbol id="sm-305">
         <name>putsUart0</name>
         <value>0x3225</value>
         <object_component_ref idref="oc-74"/>
      </symbol>
      <symbol id="sm-306">
         <name>initUart0</name>
         <value>0x3135</value>
         <object_component_ref idref="oc-74"/>
      </symbol>
      <symbol id="sm-307">
         <name>putcUart0</name>
         <value>0x3209</value>
         <object_component_ref idref="oc-74"/>
      </symbol>
      <symbol id="sm-315">
         <name>waitMicrosecond</name>
         <value>0x407b</value>
         <object_component_ref idref="oc-88"/>
      </symbol>
      <symbol id="sm-33c">
         <name>sprintf</name>
         <value>0x3f99</value>
         <object_component_ref idref="oc-8f"/>
      </symbol>
      <symbol id="sm-357">
         <name>memcpy</name>
         <value>0x39d1</value>
         <object_component_ref idref="oc-41"/>
      </symbol>
      <symbol id="sm-358">
         <name>__aeabi_memcpy</name>
         <value>0x39d1</value>
         <object_component_ref idref="oc-41"/>
      </symbol>
      <symbol id="sm-359">
         <name>__aeabi_memcpy8</name>
         <value>0x39d1</value>
         <object_component_ref idref="oc-41"/>
      </symbol>
      <symbol id="sm-35a">
         <name>__aeabi_memcpy4</name>
         <value>0x39d1</value>
         <object_component_ref idref="oc-41"/>
      </symbol>
      <symbol id="sm-371">
         <name>__TI_zero_init</name>
         <value>0x4137</value>
         <object_component_ref idref="oc-53"/>
      </symbol>
      <symbol id="sm-388">
         <name>__TI_decompress_none</name>
         <value>0x4129</value>
         <object_component_ref idref="oc-1b"/>
      </symbol>
      <symbol id="sm-3ab">
         <name>__TI_decompress_lzss</name>
         <value>0x3cf7</value>
         <object_component_ref idref="oc-15"/>
      </symbol>
      <symbol id="sm-3be">
         <name>__stack</name>
         <value>0x20000000</value>
         <object_component_ref idref="oc-24"/>
      </symbol>
      <symbol id="sm-3bf">
         <name>_c_int00_noargs</name>
         <value>0x4019</value>
         <object_component_ref idref="oc-5f"/>
      </symbol>
      <symbol id="sm-524">
         <name>__TI_printfi</name>
         <value>0x20ed</value>
         <object_component_ref idref="oc-f4"/>
      </symbol>
      <symbol id="sm-544">
         <name>frexpl</name>
         <value>0x3d61</value>
         <object_component_ref idref="oc-22c"/>
      </symbol>
      <symbol id="sm-545">
         <name>frexp</name>
         <value>0x3d61</value>
         <object_component_ref idref="oc-22c"/>
      </symbol>
      <symbol id="sm-562">
         <name>scalbn</name>
         <value>0x3665</value>
         <object_component_ref idref="oc-232"/>
      </symbol>
      <symbol id="sm-563">
         <name>scalbnl</name>
         <value>0x3665</value>
         <object_component_ref idref="oc-232"/>
      </symbol>
      <symbol id="sm-564">
         <name>ldexpl</name>
         <value>0x3665</value>
         <object_component_ref idref="oc-232"/>
      </symbol>
      <symbol id="sm-565">
         <name>ldexp</name>
         <value>0x3665</value>
         <object_component_ref idref="oc-232"/>
      </symbol>
      <symbol id="sm-56f">
         <name>copysign</name>
         <value>0x40bb</value>
         <object_component_ref idref="oc-29f"/>
      </symbol>
      <symbol id="sm-570">
         <name>copysignl</name>
         <value>0x40bb</value>
         <object_component_ref idref="oc-29f"/>
      </symbol>
      <symbol id="sm-57d">
         <name>__aeabi_uldivmod</name>
         <value>0x3a6d</value>
         <object_component_ref idref="oc-1e6"/>
      </symbol>
      <symbol id="sm-58c">
         <name>__aeabi_memset</name>
         <value>0x3c11</value>
         <object_component_ref idref="oc-d4"/>
      </symbol>
      <symbol id="sm-58d">
         <name>memset</name>
         <value>0x3c17</value>
         <object_component_ref idref="oc-d4"/>
      </symbol>
      <symbol id="sm-58e">
         <name>__aeabi_memset8</name>
         <value>0x3c11</value>
         <object_component_ref idref="oc-d4"/>
      </symbol>
      <symbol id="sm-58f">
         <name>__aeabi_memset4</name>
         <value>0x3c11</value>
         <object_component_ref idref="oc-d4"/>
      </symbol>
      <symbol id="sm-590">
         <name>__aeabi_memclr8</name>
         <value>0x3c0f</value>
         <object_component_ref idref="oc-d4"/>
      </symbol>
      <symbol id="sm-591">
         <name>__aeabi_memclr4</name>
         <value>0x3c0f</value>
         <object_component_ref idref="oc-d4"/>
      </symbol>
      <symbol id="sm-592">
         <name>__aeabi_memclr</name>
         <value>0x3c0f</value>
         <object_component_ref idref="oc-d4"/>
      </symbol>
      <symbol id="sm-5a9">
         <name>__aeabi_dsub</name>
         <value>0x2f7d</value>
         <object_component_ref idref="oc-20c"/>
      </symbol>
      <symbol id="sm-5aa">
         <name>__aeabi_dadd</name>
         <value>0x2f87</value>
         <object_component_ref idref="oc-20c"/>
      </symbol>
      <symbol id="sm-5cc">
         <name>__aeabi_cdcmpeq</name>
         <value>0x3b03</value>
         <object_component_ref idref="oc-180"/>
      </symbol>
      <symbol id="sm-5cd">
         <name>__aeabi_cdcmple</name>
         <value>0x3b03</value>
         <object_component_ref idref="oc-180"/>
      </symbol>
      <symbol id="sm-5ce">
         <name>__aeabi_cdrcmple</name>
         <value>0x3b89</value>
         <object_component_ref idref="oc-1f7"/>
      </symbol>
      <symbol id="sm-5e2">
         <name>__aeabi_ddiv</name>
         <value>0x3409</value>
         <object_component_ref idref="oc-1f2"/>
      </symbol>
      <symbol id="sm-5ed">
         <name>__aeabi_dmul</name>
         <value>0x3775</value>
         <object_component_ref idref="oc-1ed"/>
      </symbol>
      <symbol id="sm-5f7">
         <name>__aeabi_d2iz</name>
         <value>0x3f0d</value>
         <object_component_ref idref="oc-1fc"/>
      </symbol>
      <symbol id="sm-601">
         <name>__aeabi_i2d</name>
         <value>0x404d</value>
         <object_component_ref idref="oc-207"/>
      </symbol>
      <symbol id="sm-629">
         <name>__TI_auto_init_nobinit_nopinit</name>
         <value>0x3f55</value>
         <object_component_ref idref="oc-13a"/>
      </symbol>
      <symbol id="sm-633">
         <name>_system_pre_init</name>
         <value>0x4161</value>
         <object_component_ref idref="oc-da"/>
      </symbol>
      <symbol id="sm-63f">
         <name>C$$EXIT</name>
         <value>0x4165</value>
         <object_component_ref idref="oc-12e"/>
      </symbol>
      <symbol id="sm-640">
         <name>abort</name>
         <value>0x4165</value>
         <object_component_ref idref="oc-12e"/>
      </symbol>
      <symbol id="sm-650">
         <name>__TI_ltoa</name>
         <value>0x3e1b</value>
         <object_component_ref idref="oc-201"/>
      </symbol>
      <symbol id="sm-667">
         <name>atoi</name>
         <value>0x3ec1</value>
         <object_component_ref idref="oc-174"/>
      </symbol>
      <symbol id="sm-672">
         <name>_ctypes_</name>
         <value>0x4168</value>
         <object_component_ref idref="oc-1e1"/>
      </symbol>
      <symbol id="sm-682">
         <name>memccpy</name>
         <value>0x409f</value>
         <object_component_ref idref="oc-19d"/>
      </symbol>
      <symbol id="sm-692">
         <name>strchr</name>
         <value>0x40ed</value>
         <object_component_ref idref="oc-238"/>
      </symbol>
      <symbol id="sm-6a0">
         <name>strlen</name>
         <value>0x4103</value>
         <object_component_ref idref="oc-16e"/>
      </symbol>
      <symbol id="sm-6b6">
         <name>__aeabi_errno_addr</name>
         <value>0x4159</value>
         <object_component_ref idref="oc-1a9"/>
      </symbol>
      <symbol id="sm-6b7">
         <name>errno</name>
         <value>0x20001464</value>
         <object_component_ref idref="oc-248"/>
      </symbol>
      <symbol id="sm-6d0">
         <name>wcslen</name>
         <value>0x4117</value>
         <object_component_ref idref="oc-1a3"/>
      </symbol>
      <symbol id="sm-6da">
         <name>__aeabi_idiv0</name>
         <value>0x2b3b</value>
         <object_component_ref idref="oc-286"/>
      </symbol>
      <symbol id="sm-6db">
         <name>__aeabi_ldiv0</name>
         <value>0x2b3b</value>
         <object_component_ref idref="oc-286"/>
      </symbol>
      <symbol id="sm-6dc">
         <name>__TI_static_base__</name>
         <value>0x0</value>
      </symbol>
      <symbol id="sm-6df">
         <name>__mpu_init</name>
         <value>0x0</value>
      </symbol>
      <symbol id="sm-6e0">
         <name>_system_post_cinit</name>
         <value>0x0</value>
      </symbol>
   </symbol_table>
   <title>Link successful</title>
</link_info>
